Component: ARM Compiler 5.05 update 1 (build 106) Tool: armlink [4d0efa]

==============================================================================

Section Cross References

    main.o(.text) refers to delay.o(.text) for delay_init
    main.o(.text) refers to led.o(.text) for LED_Init
    main.o(.text) refers to ad9954.o(.text) for Init_AD9954
    main.o(.text) refers to flash.o(.text) for SPI_Flash_Init
    main.o(.text) refers to sys.o(.text) for NVIC_Configuration
    main.o(.text) refers to usart.o(.text) for uart1_init
    main.o(.text) refers to timer.o(.text) for TIM3_Int_Init
    main.o(.text) refers to hmi.o(.text) for HMISendstart
    main.o(.text) refers to data.o(.text) for DATA_INIT
    main.o(.text) refers to main.o(.data) for SYS_INIT_OK
    stm32f10x_it.o(.text) refers to stm32f10x_tim.o(.text) for TIM_GetITStatus
    stm32f10x_it.o(.text) refers to hmi.o(.text) for HMIRcv
    stm32f10x_it.o(.text) refers to data.o(.text) for INTEGRATE_DATA
    stm32f10x_it.o(.text) refers to main.o(.data) for SYS_INIT_OK
    stm32f10x_it.o(.text) refers to stm32f10x_it.o(.data) for ms1
    system_stm32f10x.o(.text) refers to system_stm32f10x.o(.data) for SystemCoreClock
    led.o(.text) refers to stm32f10x_rcc.o(.text) for RCC_APB2PeriphClockCmd
    led.o(.text) refers to stm32f10x_gpio.o(.text) for GPIO_PinRemapConfig
    spi.o(.text) refers to stm32f10x_spi.o(.text) for SPI_I2S_GetFlagStatus
    spi.o(.text) refers to stm32f10x_rcc.o(.text) for RCC_APB2PeriphClockCmd
    spi.o(.text) refers to stm32f10x_gpio.o(.text) for GPIO_Init
    flash.o(.text) refers to stm32f10x_rcc.o(.text) for RCC_APB2PeriphClockCmd
    flash.o(.text) refers to stm32f10x_gpio.o(.text) for GPIO_Init
    flash.o(.text) refers to spi.o(.text) for SPI1_Init
    flash.o(.text) refers to data.o(.data) for ReadStatusAddr
    data.o(.text) refers to _printf_percent.o(.ARM.Collect$$_printf_percent$$00000000) for _printf_percent
    data.o(.text) refers to _printf_d.o(.ARM.Collect$$_printf_percent$$00000009) for _printf_d
    data.o(.text) refers to _printf_dec.o(.text) for _printf_int_dec
    data.o(.text) refers to stmflash.o(.text) for STMFLASH_Write
    data.o(.text) refers to flash.o(.text) for SPI_Flash_Read
    data.o(.text) refers to noretval__2sprintf.o(.text) for __2sprintf
    data.o(.text) refers to hmi.o(.text) for HMISends
    data.o(.text) refers to f2d.o(x$fpl$f2d) for __aeabi_f2d
    data.o(.text) refers to daddsub_clz.o(x$fpl$drsb) for __aeabi_drsub
    data.o(.text) refers to d2f.o(x$fpl$d2f) for __aeabi_d2f
    data.o(.text) refers to fleqf.o(x$fpl$fleqf) for __aeabi_cfcmple
    data.o(.text) refers to adf435x.o(.text) for Set_Voltage_Gain
    data.o(.text) refers to usart.o(.data) for USART3_RX_STA
    data.o(.text) refers to usart.o(.bss) for USART3_RX_BUF
    data.o(.text) refers to data.o(.bss) for Save_Data
    data.o(.text) refers to data.o(.data) for REG_ADDR_READ
    data.o(.text) refers to adf435x.o(.data) for R4_V
    data.o(.text) refers to dflt_clz.o(x$fpl$dfltu) for __aeabi_ui2d
    data.o(.text) refers to ddiv.o(x$fpl$ddiv) for __aeabi_ddiv
    data.o(.text) refers to daddsub_clz.o(x$fpl$dadd) for __aeabi_dadd
    data.o(.text) refers to stm32f10x_usart.o(.text) for USART_SendData
    hmi.o(.text) refers to stm32f10x_usart.o(.text) for USART_SendData
    hmi.o(.text) refers to delay.o(.text) for delay_ms
    hmi.o(.text) refers to usart.o(.data) for USART1_RX_STA3
    hmi.o(.text) refers to hmi.o(.data) for Flag2
    stmflash.o(.text) refers to stm32f10x_flash.o(.text) for FLASH_ProgramHalfWord
    stmflash.o(.text) refers to stmflash.o(.bss) for STMFLASH_BUF
    timer.o(.text) refers to stm32f10x_rcc.o(.text) for RCC_APB1PeriphClockCmd
    timer.o(.text) refers to stm32f10x_tim.o(.text) for TIM_TimeBaseInit
    timer.o(.text) refers to misc.o(.text) for NVIC_Init
    adf435x.o(.text) refers to delay.o(.text) for delay_us
    adf435x.o(.text) refers to fflt_clz.o(x$fpl$ffltu) for __aeabi_ui2f
    adf435x.o(.text) refers to fmul.o(x$fpl$fmul) for __aeabi_fmul
    adf435x.o(.text) refers to fdiv.o(x$fpl$fdiv) for __aeabi_fdiv
    adf435x.o(.text) refers to ffix.o(x$fpl$ffix) for __aeabi_f2iz
    adf435x.o(.text) refers to faddsub_clz.o(x$fpl$frsb) for __aeabi_frsub
    adf435x.o(.text) refers to ffixu.o(x$fpl$ffixu) for __aeabi_f2uiz
    adf435x.o(.text) refers to f2d.o(x$fpl$f2d) for __aeabi_f2d
    adf435x.o(.text) refers to dmul.o(x$fpl$dmul) for __aeabi_dmul
    adf435x.o(.text) refers to dfixu.o(x$fpl$dfixu) for __aeabi_d2uiz
    adf435x.o(.text) refers to adf435x.o(.data) for R4_V
    ad9954.o(.text) refers to delay.o(.text) for delay_ms
    ad9954.o(.text) refers to f2d.o(x$fpl$f2d) for __aeabi_f2d
    ad9954.o(.text) refers to dmul.o(x$fpl$dmul) for __aeabi_dmul
    ad9954.o(.text) refers to dfixu.o(x$fpl$dfixu) for __aeabi_d2uiz
    delay.o(.text) refers to misc.o(.text) for SysTick_CLKSourceConfig
    delay.o(.text) refers to system_stm32f10x.o(.data) for SystemCoreClock
[...]
    ../clib/printf.c                         0x00000000   Number         0  _printf_char_common.o ABSOLUTE
    ../clib/printf_percent.s                 0x00000000   Number         0  _printf_percent.o ABSOLUTE
    ../clib/printf_percent.s                 0x00000000   Number         0  _printf_d.o ABSOLUTE
    ../clib/printf_percent.s                 0x00000000   Number         0  _printf_percent_end.o ABSOLUTE
    ../clib/signal.c                         0x00000000   Number         0  defsig_stak_inner.o ABSOLUTE
    ../clib/signal.c                         0x00000000   Number         0  defsig_rtred_inner.o ABSOLUTE
    ../clib/signal.c                         0x00000000   Number         0  defsig_fpe_inner.o ABSOLUTE
    ../clib/signal.c                         0x00000000   Number         0  defsig_abrt_inner.o ABSOLUTE
    ../clib/signal.c                         0x00000000   Number         0  defsig_general.o ABSOLUTE
    ../clib/signal.c                         0x00000000   Number         0  defsig_rtmem_inner.o ABSOLUTE
    ../clib/signal.c                         0x00000000   Number         0  defsig_exit.o ABSOLUTE
    ../clib/signal.c                         0x00000000   Number         0  defsig_rtmem_formal.o ABSOLUTE
    ../clib/signal.c                         0x00000000   Number         0  defsig_rtmem_outer.o ABSOLUTE
    ../clib/signal.c                         0x00000000   Number         0  __raise.o ABSOLUTE
    ../clib/signal.c                         0x00000000   Number         0  defsig_segv_inner.o ABSOLUTE
    ../clib/signal.c                         0x00000000   Number         0  defsig_other.o ABSOLUTE
    ../clib/signal.c                         0x00000000   Number         0  defsig_cppl_inner.o ABSOLUTE
    ../clib/signal.c                         0x00000000   Number         0  defsig_pvfn_inner.o ABSOLUTE
    ../clib/signal.s                         0x00000000   Number         0  defsig.o ABSOLUTE
    ../clib/stdlib.c                         0x00000000   Number         0  exit.o ABSOLUTE
    ../fplib/d2f.s                           0x00000000   Number         0  d2f.o ABSOLUTE
    ../fplib/daddsub.s                       0x00000000   Number         0  daddsub_clz.o ABSOLUTE
    ../fplib/ddiv.s                          0x00000000   Number         0  ddiv.o ABSOLUTE
    ../fplib/dfixu.s                         0x00000000   Number         0  dfixu.o ABSOLUTE
    ../fplib/dflt.s                          0x00000000   Number         0  dflt_clz.o ABSOLUTE
    ../fplib/dmul.s                          0x00000000   Number         0  dmul.o ABSOLUTE
    ../fplib/dnaninf.s                       0x00000000   Number         0  dnaninf.o ABSOLUTE
    ../fplib/dretinf.s                       0x00000000   Number         0  dretinf.o ABSOLUTE
    ../fplib/f2d.s                           0x00000000   Number         0  f2d.o ABSOLUTE
    ../fplib/faddsub.s                       0x00000000   Number         0  faddsub_clz.o ABSOLUTE
    ../fplib/fcmpi.s                         0x00000000   Number         0  fcmpi.o ABSOLUTE
    ../fplib/fdiv.s                          0x00000000   Number         0  fdiv.o ABSOLUTE
    ../fplib/ffix.s                          0x00000000   Number         0  ffix.o ABSOLUTE
    ../fplib/ffixu.s                         0x00000000   Number         0  ffixu.o ABSOLUTE
    ../fplib/fflt.s                          0x00000000   Number         0  fflt_clz.o ABSOLUTE
    ../fplib/fleqf.s                         0x00000000   Number         0  fleqf.o ABSOLUTE
    ../fplib/fmul.s                          0x00000000   Number         0  fmul.o ABSOLUTE
    ../fplib/fnaninf.s                       0x00000000   Number         0  fnaninf.o ABSOLUTE
    ../fplib/fpinit.s                        0x00000000   Number         0  fpinit.o ABSOLUTE
    ../fplib/fretinf.s                       0x00000000   Number         0  fretinf.o ABSOLUTE
    ../fplib/usenofp.s                       0x00000000   Number         0  usenofp.o ABSOLUTE
    ..\CORE\core_cm3.c                       0x00000000   Number         0  core_cm3.o ABSOLUTE
    ..\CORE\startup_stm32f10x_hd.s           0x00000000   Number         0  startup_stm32f10x_hd.o ABSOLUTE
    ..\HARDWARE\AD9954\AD9954.c              0x00000000   Number         0  ad9954.o ABSOLUTE
    ..\HARDWARE\ADF435X\ADF435X.c            0x00000000   Number         0  adf435x.o ABSOLUTE
    ..\HARDWARE\DATA\data.c                  0x00000000   Number         0  data.o ABSOLUTE
    ..\HARDWARE\FLASH\flash.c                0x00000000   Number         0  flash.o ABSOLUTE
    ..\HARDWARE\HMI\HMI.c                    0x00000000   Number         0  hmi.o ABSOLUTE
    ..\HARDWARE\LED\led.c                    0x00000000   Number         0  led.o ABSOLUTE
    ..\HARDWARE\SPI\spi.c                    0x00000000   Number         0  spi.o ABSOLUTE
    ..\HARDWARE\STMFLASH\stmflash.c          0x00000000   Number         0  stmflash.o ABSOLUTE
    ..\HARDWARE\TIMER\timer.c                0x00000000   Number         0  timer.o ABSOLUTE
    ..\STM32F10x_FWLib\src\misc.c            0x00000000   Number         0  misc.o ABSOLUTE
    ..\STM32F10x_FWLib\src\stm32f10x_flash.c 0x00000000   Number         0  stm32f10x_flash.o ABSOLUTE
    ..\STM32F10x_FWLib\src\stm32f10x_fsmc.c  0x00000000   Number         0  stm32f10x_fsmc.o ABSOLUTE
    ..\STM32F10x_FWLib\src\stm32f10x_gpio.c  0x00000000   Number         0  stm32f10x_gpio.o ABSOLUTE
    ..\STM32F10x_FWLib\src\stm32f10x_rcc.c   0x00000000   Number         0  stm32f10x_rcc.o ABSOLUTE
    ..\STM32F10x_FWLib\src\stm32f10x_spi.c   0x00000000   Number         0  stm32f10x_spi.o ABSOLUTE
    ..\STM32F10x_FWLib\src\stm32f10x_tim.c   0x00000000   Number         0  stm32f10x_tim.o ABSOLUTE
    ..\STM32F10x_FWLib\src\stm32f10x_usart.c 0x00000000   Number         0  stm32f10x_usart.o ABSOLUTE
    ..\SYSTEM\delay\delay.c                  0x00000000   Number         0  delay.o ABSOLUTE
    ..\SYSTEM\sys\sys.c                      0x00000000   Number         0  sys.o ABSOLUTE
    ..\SYSTEM\usart\usart.c                  0x00000000   Number         0  usart.o ABSOLUTE
    ..\\CORE\\core_cm3.c                     0x00000000   Number         0  core_cm3.o ABSOLUTE
    dc.s                                     0x00000000   Number         0  dc.o ABSOLUTE
    main.c                                   0x00000000   Number         0  main.o ABSOLUTE
    stm32f10x_it.c                           0x00000000   Number         0  stm32f10x_it.o ABSOLUTE
    system_stm32f10x.c                       0x00000000   Number         0  system_stm32f10x.o ABSOLUTE
    RESET                                    0x08000000   Section      304  startup_stm32f10x_hd.o(RESET)
    !!!main                                  0x08000130   Section        8  __main.o(!!!main)
    !!!scatter                               0x08000138   Section       52  __scatter.o(!!!scatter)
    !!handler_copy                           0x0800016c   Section       26  __scatter_copy.o(!!handler_copy)
    !!handler_zi                             0x08000188   Section       28  __scatter_zi.o(!!handler_zi)
    .ARM.Collect$$_printf_percent$$00000000  0x080001a4   Section        0  _printf_percent.o(.ARM.Collect$$_printf_percent$$00000000)
    .ARM.Collect$$_printf_percent$$00000009  0x080001a4   Section        6  _printf_d.o(.ARM.Collect$$_printf_percent$$00000009)
    .ARM.Collect$$_printf_percent$$00000017  0x080001aa   Section        4  _printf_percent_end.o(.ARM.Collect$$_printf_percent$$00000017)
    .ARM.Collect$$libinit$$00000000          0x080001ae   Section        2  libinit.o(.ARM.Collect$$libinit$$00000000)
    .ARM.Collect$$libinit$$00000002          0x080001b0   Section        0  libinit2.o(.ARM.Collect$$libinit$$00000002)
    .ARM.Collect$$libinit$$00000004          0x080001b0   Section        0  libinit2.o(.ARM.Collect$$libinit$$00000004)
    .ARM.Collect$$libinit$$0000000A          0x080001b0   Section        0  libinit2.o(.ARM.Collect$$libinit$$0000000A)
    .ARM.Collect$$libinit$$0000000C          0x080001b0   Section        0  libinit2.o(.ARM.Collect$$libinit$$0000000C)
    .ARM.Collect$$libinit$$0000000E          0x080001b0   Section        0  libinit2.o(.ARM.Collect$$libinit$$0000000E)
    .ARM.Collect$$libinit$$00000011          0x080001b0   Section        0  libinit2.o(.ARM.Collect$$libinit$$00000011)
    .ARM.Collect$$libinit$$00000013          0x080001b0   Section        0  libinit2.o(.ARM.Collect$$libinit$$00000013)
    .ARM.Collect$$libinit$$00000015          0x080001b0   Section        0  libinit2.o(.ARM.Collect$$libinit$$00000015)
    .ARM.Collect$$libinit$$00000017          0x080001b0   Section        0  libinit2.o(.ARM.Collect$$libinit$$00000017)
    .ARM.Collect$$libinit$$00000019          0x080001b0   Section        0  libinit2.o(.ARM.Collect$$libinit$$00000019)
    .ARM.Collect$$libinit$$0000001B          0x080001b0   Section        0  libinit2.o(.ARM.Collect$$libinit$$0000001B)
    .ARM.Collect$$libinit$$0000001D          0x080001b0   Section        0  libinit2.o(.ARM.Collect$$libinit$$0000001D)
    .ARM.Collect$$libinit$$0000001F          0x080001b0   Section        0  libinit2.o(.ARM.Collect$$libinit$$0000001F)
    .ARM.Collect$$libinit$$00000021          0x080001b0   Section        0  libinit2.o(.ARM.Collect$$libinit$$00000021)
    .ARM.Collect$$libinit$$00000023          0x080001b0   Section        0  libinit2.o(.ARM.Collect$$libinit$$00000023)
    .ARM.Collect$$libinit$$00000025          0x080001b0   Section        0  libinit2.o(.ARM.Collect$$libinit$$00000025)
    .ARM.Collect$$libinit$$0000002C          0x080001b0   Section        0  libinit2.o(.ARM.Collect$$libinit$$0000002C)
    .ARM.Collect$$libinit$$0000002E          0x080001b0   Section        0  libinit2.o(.ARM.Collect$$libinit$$0000002E)
    .ARM.Collect$$libinit$$00000030          0x080001b0   Section        0  libinit2.o(.ARM.Collect$$libinit$$00000030)
    .ARM.Collect$$libinit$$00000032          0x080001b0   Section        0  libinit2.o(.ARM.Collect$$libinit$$00000032)
    .ARM.Collect$$libinit$$00000033          0x080001b0   Section        2  libinit2.o(.ARM.Collect$$libinit$$00000033)
    .ARM.Collect$$libshutdown$$00000000      0x080001b2   Section        2  libshutdown.o(.ARM.Collect$$libshutdown$$00000000)
    .ARM.Collect$$libshutdown$$00000003      0x080001b4   Section        0  libshutdown2.o(.ARM.Collect$$libshutdown$$00000003)
    .ARM.Collect$$libshutdown$$00000006      0x080001b4   Section        0  libshutdown2.o(.ARM.Collect$$libshutdown$$00000006)
    .ARM.Collect$$libshutdown$$00000009      0x080001b4   Section        0  libshutdown2.o(.ARM.Collect$$libshutdown$$00000009)
    .ARM.Collect$$libshutdown$$0000000B      0x080001b4   Section        0  libshutdown2.o(.ARM.Collect$$libshutdown$$0000000B)
    .ARM.Collect$$libshutdown$$0000000E      0x080001b4   Section        0  libshutdown2.o(.ARM.Collect$$libshutdown$$0000000E)
    .ARM.Collect$$libshutdown$$0000000F      0x080001b4   Section        2  libshutdown2.o(.ARM.Collect$$libshutdown$$0000000F)
    .ARM.Collect$$rtentry$$00000000          0x080001b6   Section        0  __rtentry.o(.ARM.Collect$$rtentry$$00000000)
    .ARM.Collect$$rtentry$$00000002          0x080001b6   Section        0  __rtentry2.o(.ARM.Collect$$rtentry$$00000002)
    .ARM.Collect$$rtentry$$00000004          0x080001b6   Section        6  __rtentry4.o(.ARM.Collect$$rtentry$$00000004)
    .ARM.Collect$$rtentry$$00000009          0x080001bc   Section        0  __rtentry2.o(.ARM.Collect$$rtentry$$00000009)
    .ARM.Collect$$rtentry$$0000000A          0x080001bc   Section        4  __rtentry2.o(.ARM.Collect$$rtentry$$0000000A)
    .ARM.Collect$$rtentry$$0000000C          0x080001c0   Section        0  __rtentry2.o(.ARM.Collect$$rtentry$$0000000C)
    .ARM.Collect$$rtentry$$0000000D          0x080001c0   Section        8  __rtentry2.o(.ARM.Collect$$rtentry$$0000000D)
    .ARM.Collect$$rtexit$$00000000           0x080001c8   Section        2  rtexit.o(.ARM.Collect$$rtexit$$00000000)
    .ARM.Collect$$rtexit$$00000002           0x080001ca   Section        0  rtexit2.o(.ARM.Collect$$rtexit$$00000002)
    .ARM.Collect$$rtexit$$00000003           0x080001ca   Section        4  rtexit2.o(.ARM.Collect$$rtexit$$00000003)
    .ARM.Collect$$rtexit$$00000004           0x080001ce   Section        6  rtexit2.o(.ARM.Collect$$rtexit$$00000004)
    .text                                    0x080001d4   Section        0  main.o(.text)
    .text                                    0x08000274   Section        0  stm32f10x_it.o(.text)
    .text                                    0x080002d8   Section        0  system_stm32f10x.o(.text)
    SetSysClockTo72                          0x080002d9   Thumb Code   214  system_stm32f10x.o(.text)
    SetSysClock                              0x080003af   Thumb Code     8  system_stm32f10x.o(.text)
    .text                                    0x080004b8   Section        0  led.o(.text)
    .text                                    0x08000708   Section        0  spi.o(.text)
    .text                                    0x08000908   Section        0  flash.o(.text)
    .text                                    0x080009d8   Section        0  data.o(.text)
    .text                                    0x08001344   Section        0  hmi.o(.text)
    .text                                    0x080014fc   Section        0  stmflash.o(.text)
    .text                                    0x08001640   Section        0  timer.o(.text)
    .text                                    0x080016a0   Section        0  adf435x.o(.text)
    .text                                    0x08001960   Section        0  ad9954.o(.text)
    .text                                    0x08001c54   Section        0  delay.o(.text)
    .text                                    0x08001d28   Section        0  sys.o(.text)
    .text                                    0x08001d34   Section        0  usart.o(.text)
    .text                                    0x0800227c   Section       64  startup_stm32f10x_hd.o(.text)
    .text                                    0x080022bc   Section        0  misc.o(.text)
    .text                                    0x08002398   Section        0  stm32f10x_gpio.o(.text)
    .text                                    0x080026f4   Section        0  stm32f10x_rcc.o(.text)
    .text                                    0x08002a98   Section        0  stm32f10x_tim.o(.text)
    TI4_Config                               0x08002f3f   Thumb Code   130  stm32f10x_tim.o(.text)
    TI3_Config                               0x08002fd3   Thumb Code   122  stm32f10x_tim.o(.text)
    TI2_Config                               0x08003067   Thumb Code   130  stm32f10x_tim.o(.text)
    TI1_Config                               0x080030fb   Thumb Code   108  stm32f10x_tim.o(.text)
    .text                                    0x080038b4   Section        0  stm32f10x_usart.o(.text)
    .text                                    0x08003cbc   Section        0  stm32f10x_spi.o(.text)
    .text                                    0x08003fc8   Section        0  stm32f10x_flash.o(.text)
    .text                                    0x08004584   Section        2  use_no_semi_2.o(.text)
    .text                                    0x08004588   Section        0  noretval__2sprintf.o(.text)
    .text                                    0x080045b0   Section        0  __printf.o(.text)
    .text                                    0x08004618   Section        0  _printf_dec.o(.text)
    .text                                    0x08004690   Section        0  heapauxi.o(.text)
    .text                                    0x08004696   Section        2  use_no_semi.o(.text)
    .text                                    0x08004698   Section        0  _printf_intcommon.o(.text)
    .text                                    0x0800474c   Section        0  _printf_char_common.o(.text)
    _printf_input_char                       0x0800474d   Thumb Code    10  _printf_char_common.o(.text)
    .text                                    0x0800477c   Section        0  _sputc.o(.text)
    .text                                    0x08004786   Section       74  sys_stackheap_outer.o(.text)
    .text                                    0x080047d0   Section        0  exit.o(.text)
    .text                                    0x080047dc   Section        8  libspace.o(.text)
    x$fpl$d2f                                0x080047e4   Section       98  d2f.o(x$fpl$d2f)
    x$fpl$dadd                               0x08004848   Section      336  daddsub_clz.o(x$fpl$dadd)
    _dadd1                                   0x08004859   Thumb Code     0  daddsub_clz.o(x$fpl$dadd)
    x$fpl$ddiv                               0x08004998   Section      688  ddiv.o(x$fpl$ddiv)
    ddiv_entry                               0x0800499f   Thumb Code     0  ddiv.o(x$fpl$ddiv)
    x$fpl$dfixu                              0x08004c48   Section       90  dfixu.o(x$fpl$dfixu)
    x$fpl$dfltu                              0x08004ca2   Section       38  dflt_clz.o(x$fpl$dfltu)
    x$fpl$dmul                               0x08004cc8   Section      340  dmul.o(x$fpl$dmul)
    x$fpl$dnaninf                            0x08004e1c   Section      156  dnaninf.o(x$fpl$dnaninf)
    x$fpl$dretinf                            0x08004eb8   Section       12  dretinf.o(x$fpl$dretinf)
    x$fpl$drsb                               0x08004ec4   Section       22  daddsub_clz.o(x$fpl$drsb)
    x$fpl$dsub                               0x08004edc   Section      468  daddsub_clz.o(x$fpl$dsub)
    _dsub1                                   0x08004eed   Thumb Code     0  daddsub_clz.o(x$fpl$dsub)
    x$fpl$f2d                                0x080050b0   Section       86  f2d.o(x$fpl$f2d)
    x$fpl$fadd                               0x08005108   Section      196  faddsub_clz.o(x$fpl$fadd)
    _fadd1                                   0x08005117   Thumb Code     0  faddsub_clz.o(x$fpl$fadd)
    x$fpl$fcmpinf                            0x080051cc   Section       24  fcmpi.o(x$fpl$fcmpinf)
    x$fpl$fdiv                               0x080051e4   Section      388  fdiv.o(x$fpl$fdiv)
    _fdiv1                                   0x080051e5   Thumb Code     0  fdiv.o(x$fpl$fdiv)
    x$fpl$ffix                               0x08005368   Section       54  ffix.o(x$fpl$ffix)
    x$fpl$ffixu                              0x080053a0   Section       62  ffixu.o(x$fpl$ffixu)
    x$fpl$ffltu                              0x080053e0   Section       38  fflt_clz.o(x$fpl$ffltu)
    x$fpl$fleqf                              0x08005408   Section      104  fleqf.o(x$fpl$fleqf)
    x$fpl$fmul                               0x08005470   Section      258  fmul.o(x$fpl$fmul)
    x$fpl$fnaninf                            0x08005572   Section      140  fnaninf.o(x$fpl$fnaninf)
    x$fpl$fretinf                            0x080055fe   Section       10  fretinf.o(x$fpl$fretinf)
    x$fpl$frsb                               0x08005608   Section       20  faddsub_clz.o(x$fpl$frsb)
    x$fpl$fsub                               0x0800561c   Section      234  faddsub_clz.o(x$fpl$fsub)
    _fsub1                                   0x0800562b   Thumb Code     0  faddsub_clz.o(x$fpl$fsub)
    x$fpl$usenofp                            0x08005706   Section        0  usenofp.o(x$fpl$usenofp)
    .data                                    0x20000000   Section        5  main.o(.data)
    Frequence                                0x20000000   Data           4  main.o(.data)
    .data                                    0x20000008   Section        5  stm32f10x_it.o(.data)
    Frequence                                0x20000008   Data           4  stm32f10x_it.o(.data)
    ms1                                      0x2000000c   Data           1  stm32f10x_it.o(.data)
    .data                                    0x20000010   Section       20  system_stm32f10x.o(.data)
    .data                                    0x20000024   Section       12  data.o(.data)
    Frequence                                0x20000024   Data           4  data.o(.data)
    .data                                    0x20000030   Section        2  hmi.o(.data)
    Flag1                                    0x20000030   Data           1  hmi.o(.data)
    Flag2                                    0x20000031   Data           1  hmi.o(.data)
    .data                                    0x20000034   Section       20  adf435x.o(.data)
    Frequence                                0x20000034   Data           4  adf435x.o(.data)
    .data                                    0x20000048   Section        4  delay.o(.data)
    fac_us                                   0x20000048   Data           1  delay.o(.data)
    fac_ms                                   0x2000004a   Data           2  delay.o(.data)
    .data                                    0x2000004c   Section       16  usart.o(.data)
    .data                                    0x2000005c   Section       20  stm32f10x_rcc.o(.data)
    APBAHBPrescTable                         0x2000005c   Data          16  stm32f10x_rcc.o(.data)
    ADCPrescTable                            0x2000006c   Data           4  stm32f10x_rcc.o(.data)
    .bss                                     0x20000070   Section       75  data.o(.bss)
    .bss                                     0x200000bc   Section     2048  stmflash.o(.bss)
    .bss                                     0x200008bc   Section      600  usart.o(.bss)
    .bss                                     0x20000b14   Section       96  libspace.o(.bss)
    HEAP                                     0x20000b78   Section      512  startup_stm32f10x_hd.o(HEAP)
    Heap_Mem                                 0x20000b78   Data         512  startup_stm32f10x_hd.o(HEAP)
    STACK                                    0x20000d78   Section     1024  startup_stm32f10x_hd.o(STACK)
    Stack_Mem                                0x20000d78   Data        1024  startup_stm32f10x_hd.o(STACK)
    __initial_sp                             0x20001178   Data           0  startup_stm32f10x_hd.o(STACK)

    Global Symbols

    Symbol Name                              Value     Ov Type        Size  Object(Section)

    BuildAttributes$$THM_ISAv4$P$D$K$B$S$PE$A:L22UL41UL21$X:L11$S22US41US21$IEEE1$IW$USESV6$~STKCKD$USESV7$~SHL$OSPACE$ROPI$EBA8$UX$STANDARDLIB$REQ8$PRES8$EABIv2 0x00000000   Number         0  anon$$obj.o ABSOLUTE
    __ARM_use_no_argv                        0x00000000   Number         0  main.o ABSOLUTE
    __ARM_exceptions_init                     - Undefined Weak Reference
    __alloca_initialize                       - Undefined Weak Reference
    __arm_preinit_                            - Undefined Weak Reference
    __cpp_initialize__aeabi_                  - Undefined Weak Reference
    __cxa_finalize                            - Undefined Weak Reference
    __rt_locale                               - Undefined Weak Reference
    __sigvec_lookup                           - Undefined Weak Reference
    _atexit_init                              - Undefined Weak Reference
    _call_atexit_fns                          - Undefined Weak Reference
    _clock_init                               - Undefined Weak Reference
    _fp_trap_init                             - Undefined Weak Reference
    _fp_trap_shutdown                         - Undefined Weak Reference
    _get_lc_collate                           - Undefined Weak Reference
    _get_lc_ctype                             - Undefined Weak Reference
    _get_lc_monetary                          - Undefined Weak Reference
    _get_lc_numeric                           - Undefined Weak Reference
    _get_lc_time                              - Undefined Weak Reference
    _getenv_init                              - Undefined Weak Reference
    _handle_redirection                       - Undefined Weak Reference
    _init_alloc                               - Undefined Weak Reference
    _init_user_alloc                          - Undefined Weak Reference
    _initio                                   - Undefined Weak Reference
    _printf_post_padding                      - Undefined Weak Reference
    _printf_pre_padding                       - Undefined Weak Reference
    _printf_truncate_signed                   - Undefined Weak Reference
    _printf_truncate_unsigned                 - Undefined Weak Reference
    _rand_init                                - Undefined Weak Reference
    _signal_finish                            - Undefined Weak Reference
    _signal_init                              - Undefined Weak Reference
    _terminate_alloc                          - Undefined Weak Reference
    _terminate_user_alloc                     - Undefined Weak Reference
    _terminateio                              - Undefined Weak Reference
    __Vectors_Size                           0x00000130   Number         0  startup_stm32f10x_hd.o ABSOLUTE
    __Vectors                                0x08000000   Data           4  startup_stm32f10x_hd.o(RESET)
    __Vectors_End                            0x08000130   Data           0  startup_stm32f10x_hd.o(RESET)
    __main                                   0x08000131   Thumb Code     8  __main.o(!!!main)
    __scatterload                            0x08000139   Thumb Code     0  __scatter.o(!!!scatter)
    __scatterload_rt2                        0x08000139   Thumb Code    44  __scatter.o(!!!scatter)
    __scatterload_rt2_thumb_only             0x08000139   Thumb Code     0  __scatter.o(!!!scatter)
    __scatterload_null                       0x08000147   Thumb Code     0  __scatter.o(!!!scatter)
    __scatterload_copy                       0x0800016d   Thumb Code    26  __scatter_copy.o(!!handler_copy)
    __scatterload_zeroinit                   0x08000189   Thumb Code    28  __scatter_zi.o(!!handler_zi)
    _printf_d                                0x080001a5   Thumb Code     0  _printf_d.o(.ARM.Collect$$_printf_percent$$00000009)
    _printf_percent                          0x080001a5   Thumb Code     0  _printf_percent.o(.ARM.Collect$$_printf_percent$$00000000)
    _printf_percent_end                      0x080001ab   Thumb Code     0  _printf_percent_end.o(.ARM.Collect$$_printf_percent$$00000017)
    __rt_lib_init                            0x080001af   Thumb Code     0  libinit.o(.ARM.Collect$$libinit$$00000000)
    __rt_lib_init_alloca_1                   0x080001b1   Thumb Code     0  libinit2.o(.ARM.Collect$$libinit$$0000002E)
    __rt_lib_init_argv_1                     0x080001b1   Thumb Code     0  libinit2.o(.ARM.Collect$$libinit$$0000002C)
    __rt_lib_init_atexit_1                   0x080001b1   Thumb Code     0  libinit2.o(.ARM.Collect$$libinit$$0000001B)
    __rt_lib_init_clock_1                    0x080001b1   Thumb Code     0  libinit2.o(.ARM.Collect$$libinit$$00000021)
    __rt_lib_init_cpp_1                      0x080001b1   Thumb Code     0  libinit2.o(.ARM.Collect$$libinit$$00000032)
    __rt_lib_init_exceptions_1               0x080001b1   Thumb Code     0  libinit2.o(.ARM.Collect$$libinit$$00000030)
    __rt_lib_init_fp_1                       0x080001b1   Thumb Code     0  libinit2.o(.ARM.Collect$$libinit$$00000002)
    __rt_lib_init_fp_trap_1                  0x080001b1   Thumb Code     0  libinit2.o(.ARM.Collect$$libinit$$0000001F)
    __rt_lib_init_getenv_1                   0x080001b1   Thumb Code     0  libinit2.o(.ARM.Collect$$libinit$$00000023)
    __rt_lib_init_heap_1                     0x080001b1   Thumb Code     0  libinit2.o(.ARM.Collect$$libinit$$0000000A)
    __rt_lib_init_lc_collate_1               0x080001b1   Thumb Code     0  libinit2.o(.ARM.Collect$$libinit$$00000011)
    __rt_lib_init_lc_ctype_1                 0x080001b1   Thumb Code     0  libinit2.o(.ARM.Collect$$libinit$$00000013)
    __rt_lib_init_lc_monetary_1              0x080001b1   Thumb Code     0  libinit2.o(.ARM.Collect$$libinit$$00000015)
    __rt_lib_init_lc_numeric_1               0x080001b1   Thumb Code     0  libinit2.o(.ARM.Collect$$libinit$$00000017)
    __rt_lib_init_lc_time_1                  0x080001b1   Thumb Code     0  libinit2.o(.ARM.Collect$$libinit$$00000019)
    __rt_lib_init_preinit_1                  0x080001b1   Thumb Code     0  libinit2.o(.ARM.Collect$$libinit$$00000004)
    __rt_lib_init_rand_1                     0x080001b1   Thumb Code     0  libinit2.o(.ARM.Collect$$libinit$$0000000E)
    __rt_lib_init_return                     0x080001b1   Thumb Code     0  libinit2.o(.ARM.Collect$$libinit$$00000033)
    __rt_lib_init_signal_1                   0x080001b1   Thumb Code     0  libinit2.o(.ARM.Collect$$libinit$$0000001D)
    __rt_lib_init_stdio_1                    0x080001b1   Thumb Code     0  libinit2.o(.ARM.Collect$$libinit$$00000025)
    __rt_lib_init_user_alloc_1               0x080001b1   Thumb Code     0  libinit2.o(.ARM.Collect$$libinit$$0000000C)
    __rt_lib_shutdown                        0x080001b3   Thumb Code     0  libshutdown.o(.ARM.Collect$$libshutdown$$00000000)
    __rt_lib_shutdown_fp_trap_1              0x080001b5   Thumb Code     0  libshutdown2.o(.ARM.Collect$$libshutdown$$00000006)
    __rt_lib_shutdown_heap_1                 0x080001b5   Thumb Code     0  libshutdown2.o(.ARM.Collect$$libshutdown$$0000000E)
    __rt_lib_shutdown_return                 0x080001b5   Thumb Code     0  libshutdown2.o(.ARM.Collect$$libshutdown$$0000000F)
    __rt_lib_shutdown_signal_1               0x080001b5   Thumb Code     0  libshutdown2.o(.ARM.Collect$$libshutdown$$00000009)
    __rt_lib_shutdown_stdio_1                0x080001b5   Thumb Code     0  libshutdown2.o(.ARM.Collect$$libshutdown$$00000003)
    __rt_lib_shutdown_user_alloc_1           0x080001b5   Thumb Code     0  libshutdown2.o(.ARM.Collect$$libshutdown$$0000000B)
    __rt_entry                               0x080001b7   Thumb Code     0  __rtentry.o(.ARM.Collect$$rtentry$$00000000)
    __rt_entry_presh_1                       0x080001b7   Thumb Code     0  __rtentry2.o(.ARM.Collect$$rtentry$$00000002)
    __rt_entry_sh                            0x080001b7   Thumb Code     0  __rtentry4.o(.ARM.Collect$$rtentry$$00000004)
    __rt_entry_li                            0x080001bd   Thumb Code     0  __rtentry2.o(.ARM.Collect$$rtentry$$0000000A)
    __rt_entry_postsh_1                      0x080001bd   Thumb Code     0  __rtentry2.o(.ARM.Collect$$rtentry$$00000009)
    __rt_entry_main                          0x080001c1   Thumb Code     0  __rtentry2.o(.ARM.Collect$$rtentry$$0000000D)
    __rt_entry_postli_1                      0x080001c1   Thumb Code     0  __rtentry2.o(.ARM.Collect$$rtentry$$0000000C)
    __rt_exit                                0x080001c9   Thumb Code     0  rtexit.o(.ARM.Collect$$rtexit$$00000000)
    __rt_exit_ls                             0x080001cb   Thumb Code     0  rtexit2.o(.ARM.Collect$$rtexit$$00000003)
    __rt_exit_prels_1                        0x080001cb   Thumb Code     0  rtexit2.o(.ARM.Collect$$rtexit$$00000002)
    __rt_exit_exit                           0x080001cf   Thumb Code     0  rtexit2.o(.ARM.Collect$$rtexit$$00000004)
    SYS_INIT                                 0x080001d5   Thumb Code   104  main.o(.text)
    main                                     0x0800023d   Thumb Code    20  main.o(.text)
    TIM3_IRQHandler                          0x08000275   Thumb Code    88  stm32f10x_it.o(.text)
    SystemInit                               0x080003b7   Thumb Code    78  system_stm32f10x.o(.text)
    SystemCoreClockUpdate                    0x08000405   Thumb Code   142  system_stm32f10x.o(.text)
    LED_Init                                 0x080004b9   Thumb Code   570  led.o(.text)
    SPI1_ReadWriteByte                       0x08000709   Thumb Code    78  spi.o(.text)
    SPI1_Init                                0x08000757   Thumb Code   128  spi.o(.text)
    SPI2_ReadWriteByte                       0x080007d7   Thumb Code    78  spi.o(.text)
    SPI2_Init                                0x08000825   Thumb Code   140  spi.o(.text)
    SPI2_SetSpeed                            0x080008b1   Thumb Code    36  spi.o(.text)
    SPI1_SetSpeed                            0x080008d5   Thumb Code    36  spi.o(.text)
    SPI_Flash_Init                           0x08000909   Thumb Code    86  flash.o(.text)
    SPI_Flash_Read                           0x0800095f   Thumb Code    36  flash.o(.text)
    SPI_Flash_Wait_Busy                      0x08000983   Thumb Code    26  flash.o(.text)
    SPI_Flash_Write                          0x0800099d   Thumb Code    38  flash.o(.text)
    INTEGRATE_DATA                           0x080009d9   Thumb Code   304  data.o(.text)
    SAVE_DATA                                0x08000b09   Thumb Code    72  data.o(.text)
    SHOW_DATA                                0x08000b51   Thumb Code   430  data.o(.text)
    Atten_Seting                             0x08000cff   Thumb Code    54  data.o(.text)
    Fre_Seting                               0x08000d35   Thumb Code   882  data.o(.text)
    READ_DATA                                0x080010a7   Thumb Code   432  data.o(.text)
    DATA_INIT                                0x08001257   Thumb Code   238  data.o(.text)
    HMISends                                 0x08001345   Thumb Code    82  hmi.o(.text)
    HMISendb                                 0x08001397   Thumb Code    48  hmi.o(.text)
    HMISendstart                             0x080013c7   Thumb Code    34  hmi.o(.text)
    HMIRcv                                   0x080013e9   Thumb Code   178  hmi.o(.text)
    STMFLASH_ReadHalfWord                    0x080014fd   Thumb Code     6  stmflash.o(.text)
    STMFLASH_Write_NoCheck                   0x08001503   Thumb Code    38  stmflash.o(.text)
    STMFLASH_Read                            0x08001529   Thumb Code    34  stmflash.o(.text)
    STMFLASH_Write                           0x0800154b   Thumb Code   222  stmflash.o(.text)
    Test_Write                               0x08001629   Thumb Code    16  stmflash.o(.text)
    TIM3_Int_Init                            0x08001641   Thumb Code    90  timer.o(.text)
    WriteToADF435X                           0x080016a1   Thumb Code   124  adf435x.o(.text)
    Write_frequence                          0x0800171d   Thumb Code   288  adf435x.o(.text)
    Write_Amplitude                          0x0800183d   Thumb Code    30  adf435x.o(.text)
    Init_ADF435X                             0x0800185b   Thumb Code    86  adf435x.o(.text)
    Set_Voltage_Gain                         0x080018b1   Thumb Code    94  adf435x.o(.text)
    send_data                                0x08001961   Thumb Code    52  ad9954.o(.text)
    Init_AD9954                              0x08001995   Thumb Code   190  ad9954.o(.text)
    set_freq                                 0x08001a53   Thumb Code    96  ad9954.o(.text)
    set_2psk                                 0x08001ab3   Thumb Code   384  ad9954.o(.text)
    delay_init                               0x08001c55   Thumb Code    50  delay.o(.text)
    delay_us                                 0x08001c87   Thumb Code    72  delay.o(.text)
    delay_ms                                 0x08001ccf   Thumb Code    72  delay.o(.text)
    NVIC_Configuration                       0x08001d29   Thumb Code    12  sys.o(.text)
    _sys_exit                                0x08001d35   Thumb Code     6  usart.o(.text)
    fputc                                    0x08001d3b   Thumb Code    24  usart.o(.text)
    uart1_init                               0x08001d53   Thumb Code   160  usart.o(.text)
    USART1_IRQHandler                        0x08001df3   Thumb Code   384  usart.o(.text)
    uart3_init                               0x08001f73   Thumb Code   166  usart.o(.text)
    USART3_IRQHandler                        0x08002019   Thumb Code   184  usart.o(.text)
    uart4_init                               0x080020d1   Thumb Code   222  usart.o(.text)
    UART4_IRQHandler                         0x080021af   Thumb Code   188  usart.o(.text)
    Reset_Handler                            0x0800227d   Thumb Code     8  startup_stm32f10x_hd.o(.text)
    NMI_Handler                              0x08002285   Thumb Code     2  startup_stm32f10x_hd.o(.text)
    HardFault_Handler                        0x08002287   Thumb Code     2  startup_stm32f10x_hd.o(.text)
    MemManage_Handler                        0x08002289   Thumb Code     2  startup_stm32f10x_hd.o(.text)
    BusFault_Handler                         0x0800228b   Thumb Code     2  startup_stm32f10x_hd.o(.text)
    UsageFault_Handler                       0x0800228d   Thumb Code     2  startup_stm32f10x_hd.o(.text)
    SVC_Handler                              0x0800228f   Thumb Code     2  startup_stm32f10x_hd.o(.text)
    DebugMon_Handler                         0x08002291   Thumb Code     2  startup_stm32f10x_hd.o(.text)
    PendSV_Handler                           0x08002293   Thumb Code     2  startup_stm32f10x_hd.o(.text)
    SysTick_Handler                          0x08002295   Thumb Code     2  startup_stm32f10x_hd.o(.text)
    ADC1_2_IRQHandler                        0x08002297   Thumb Code     0  startup_stm32f10x_hd.o(.text)
    ADC3_IRQHandler                          0x08002297   Thumb Code     0  startup_stm32f10x_hd.o(.text)
    CAN1_RX1_IRQHandler                      0x08002297   Thumb Code     0  startup_stm32f10x_hd.o(.text)
    CAN1_SCE_IRQHandler                      0x08002297   Thumb Code     0  startup_stm32f10x_hd.o(.text)
    DMA1_Channel1_IRQHandler                 0x08002297   Thumb Code     0  startup_stm32f10x_hd.o(.text)
    DMA1_Channel2_IRQHandler                 0x08002297   Thumb Code     0  startup_stm32f10x_hd.o(.text)
    DMA1_Channel3_IRQHandler                 0x08002297   Thumb Code     0  startup_stm32f10x_hd.o(.text)
    DMA1_Channel4_IRQHandler                 0x08002297   Thumb Code     0  startup_stm32f10x_hd.o(.text)
    DMA1_Channel5_IRQHandler                 0x08002297   Thumb Code     0  startup_stm32f10x_hd.o(.text)
    DMA1_Channel6_IRQHandler                 0x08002297   Thumb Code     0  startup_stm32f10x_hd.o(.text)
    DMA1_Channel7_IRQHandler                 0x08002297   Thumb Code     0  startup_stm32f10x_hd.o(.text)
    DMA2_Channel1_IRQHandler                 0x08002297   Thumb Code     0  startup_stm32f10x_hd.o(.text)
    DMA2_Channel2_IRQHandler                 0x08002297   Thumb Code     0  startup_stm32f10x_hd.o(.text)
    DMA2_Channel3_IRQHandler                 0x08002297   Thumb Code     0  startup_stm32f10x_hd.o(.text)
    DMA2_Channel4_5_IRQHandler               0x08002297   Thumb Code     0  startup_stm32f10x_hd.o(.text)
    EXTI0_IRQHandler                         0x08002297   Thumb Code     0  startup_stm32f10x_hd.o(.text)
    EXTI15_10_IRQHandler                     0x08002297   Thumb Code     0  startup_stm32f10x_hd.o(.text)
    EXTI1_IRQHandler                         0x08002297   Thumb Code     0  startup_stm32f10x_hd.o(.text)
    EXTI2_IRQHandler                         0x08002297   Thumb Code     0  startup_stm32f10x_hd.o(.text)
    EXTI3_IRQHandler                         0x08002297   Thumb Code     0  startup_stm32f10x_hd.o(.text)
    EXTI4_IRQHandler                         0x08002297   Thumb Code     0  startup_stm32f10x_hd.o(.text)
    EXTI9_5_IRQHandler                       0x08002297   Thumb Code     0  startup_stm32f10x_hd.o(.text)
    FLASH_IRQHandler                         0x08002297   Thumb Code     0  startup_stm32f10x_hd.o(.text)
    FSMC_IRQHandler                          0x08002297   Thumb Code     0  startup_stm32f10x_hd.o(.text)
    I2C1_ER_IRQHandler                       0x08002297   Thumb Code     0  startup_stm32f10x_hd.o(.text)
    I2C1_EV_IRQHandler                       0x08002297   Thumb Code     0  startup_stm32f10x_hd.o(.text)
    I2C2_ER_IRQHandler                       0x08002297   Thumb Code     0  startup_stm32f10x_hd.o(.text)
    I2C2_EV_IRQHandler                       0x08002297   Thumb Code     0  startup_stm32f10x_hd.o(.text)
    PVD_IRQHandler                           0x08002297   Thumb Code     0  startup_stm32f10x_hd.o(.text)
    RCC_IRQHandler                           0x08002297   Thumb Code     0  startup_stm32f10x_hd.o(.text)
    RTCAlarm_IRQHandler                      0x08002297   Thumb Code     0  startup_stm32f10x_hd.o(.text)
    RTC_IRQHandler                           0x08002297   Thumb Code     0  startup_stm32f10x_hd.o(.text)
    SDIO_IRQHandler                          0x08002297   Thumb Code     0  startup_stm32f10x_hd.o(.text)
    SPI1_IRQHandler                          0x08002297   Thumb Code     0  startup_stm32f10x_hd.o(.text)
    SPI2_IRQHandler                          0x08002297   Thumb Code     0  startup_stm32f10x_hd.o(.text)
    SPI3_IRQHandler                          0x08002297   Thumb Code     0  startup_stm32f10x_hd.o(.text)
    TAMPER_IRQHandler                        0x08002297   Thumb Code     0  startup_stm32f10x_hd.o(.text)
    TIM1_BRK_IRQHandler                      0x08002297   Thumb Code     0  startup_stm32f10x_hd.o(.text)
    TIM1_CC_IRQHandler                       0x08002297   Thumb Code     0  startup_stm32f10x_hd.o(.text)
    TIM1_TRG_COM_IRQHandler                  0x08002297   Thumb Code     0  startup_stm32f10x_hd.o(.text)
    TIM1_UP_IRQHandler                       0x08002297   Thumb Code     0  startup_stm32f10x_hd.o(.text)
    TIM2_IRQHandler                          0x08002297   Thumb Code     0  startup_stm32f10x_hd.o(.text)
    TIM4_IRQHandler                          0x08002297   Thumb Code     0  startup_stm32f10x_hd.o(.text)
    TIM5_IRQHandler                          0x08002297   Thumb Code     0  startup_stm32f10x_hd.o(.text)
    TIM6_IRQHandler                          0x08002297   Thumb Code     0  startup_stm32f10x_hd.o(.text)
    TIM7_IRQHandler                          0x08002297   Thumb Code     0  startup_stm32f10x_hd.o(.text)
    TIM8_BRK_IRQHandler                      0x08002297   Thumb Code     0  startup_stm32f10x_hd.o(.text)
    TIM8_CC_IRQHandler                       0x08002297   Thumb Code     0  startup_stm32f10x_hd.o(.text)
    TIM8_TRG_COM_IRQHandler                  0x08002297   Thumb Code     0  startup_stm32f10x_hd.o(.text)
    TIM8_UP_IRQHandler                       0x08002297   Thumb Code     0  startup_stm32f10x_hd.o(.text)
    UART5_IRQHandler                         0x08002297   Thumb Code     0  startup_stm32f10x_hd.o(.text)
    USART2_IRQHandler                        0x08002297   Thumb Code     0  startup_stm32f10x_hd.o(.text)
    USBWakeUp_IRQHandler                     0x08002297   Thumb Code     0  startup_stm32f10x_hd.o(.text)
    USB_HP_CAN1_TX_IRQHandler                0x08002297   Thumb Code     0  startup_stm32f10x_hd.o(.text)
    USB_LP_CAN1_RX0_IRQHandler               0x08002297   Thumb Code     0  startup_stm32f10x_hd.o(.text)
    WWDG_IRQHandler                          0x08002297   Thumb Code     0  startup_stm32f10x_hd.o(.text)
    __user_initial_stackheap                 0x08002299   Thumb Code     0  startup_stm32f10x_hd.o(.text)
    NVIC_PriorityGroupConfig                 0x080022bd   Thumb Code    10  misc.o(.text)
    NVIC_Init                                0x080022c7   Thumb Code   100  misc.o(.text)
    NVIC_SetVectorTable                      0x0800232b   Thumb Code    14  misc.o(.text)
    NVIC_SystemLPConfig                      0x08002339   Thumb Code    34  misc.o(.text)
    SysTick_CLKSourceConfig                  0x0800235b   Thumb Code    40  misc.o(.text)
    GPIO_DeInit                              0x08002399   Thumb Code   172  stm32f10x_gpio.o(.text)
    GPIO_AFIODeInit                          0x08002445   Thumb Code    20  stm32f10x_gpio.o(.text)
    GPIO_Init                                0x08002459   Thumb Code   278  stm32f10x_gpio.o(.text)
    GPIO_StructInit                          0x0800256f   Thumb Code    16  stm32f10x_gpio.o(.text)
    GPIO_ReadInputDataBit                    0x0800257f   Thumb Code    18  stm32f10x_gpio.o(.text)
    GPIO_ReadInputData                       0x08002591   Thumb Code     8  stm32f10x_gpio.o(.text)
    GPIO_ReadOutputDataBit                   0x08002599   Thumb Code    18  stm32f10x_gpio.o(.text)
    GPIO_ReadOutputData                      0x080025ab   Thumb Code     8  stm32f10x_gpio.o(.text)
    GPIO_SetBits                             0x080025b3   Thumb Code     4  stm32f10x_gpio.o(.text)
    GPIO_ResetBits                           0x080025b7   Thumb Code     4  stm32f10x_gpio.o(.text)
    GPIO_WriteBit                            0x080025bb   Thumb Code    10  stm32f10x_gpio.o(.text)
    GPIO_Write                               0x080025c5   Thumb Code     4  stm32f10x_gpio.o(.text)
    GPIO_PinLockConfig                       0x080025c9   Thumb Code    18  stm32f10x_gpio.o(.text)
    GPIO_EventOutputConfig                   0x080025db   Thumb Code    26  stm32f10x_gpio.o(.text)
    GPIO_EventOutputCmd                      0x080025f5   Thumb Code     6  stm32f10x_gpio.o(.text)
    GPIO_PinRemapConfig                      0x080025fb   Thumb Code   138  stm32f10x_gpio.o(.text)
    GPIO_EXTILineConfig                      0x08002685   Thumb Code    66  stm32f10x_gpio.o(.text)
    GPIO_ETH_MediaInterfaceConfig            0x080026c7   Thumb Code     8  stm32f10x_gpio.o(.text)
    RCC_DeInit                               0x080026f5   Thumb Code    64  stm32f10x_rcc.o(.text)
    RCC_HSEConfig                            0x08002735   Thumb Code    70  stm32f10x_rcc.o(.text)
    RCC_GetFlagStatus                        0x0800277b   Thumb Code    56  stm32f10x_rcc.o(.text)
    RCC_WaitForHSEStartUp                    0x080027b3   Thumb Code    56  stm32f10x_rcc.o(.text)
    RCC_AdjustHSICalibrationValue            0x080027eb   Thumb Code    20  stm32f10x_rcc.o(.text)
    RCC_HSICmd                               0x080027ff   Thumb Code     6  stm32f10x_rcc.o(.text)
    RCC_PLLConfig                            0x08002805   Thumb Code    24  stm32f10x_rcc.o(.text)
    RCC_PLLCmd                               0x0800281d   Thumb Code     6  stm32f10x_rcc.o(.text)
    RCC_SYSCLKConfig                         0x08002823   Thumb Code    18  stm32f10x_rcc.o(.text)
    RCC_GetSYSCLKSource                      0x08002835   Thumb Code    10  stm32f10x_rcc.o(.text)
    RCC_HCLKConfig                           0x0800283f   Thumb Code    18  stm32f10x_rcc.o(.text)
    RCC_PCLK1Config                          0x08002851   Thumb Code    18  stm32f10x_rcc.o(.text)
    RCC_PCLK2Config                          0x08002863   Thumb Code    20  stm32f10x_rcc.o(.text)
    RCC_ITConfig                             0x08002877   Thumb Code    26  stm32f10x_rcc.o(.text)
    RCC_USBCLKConfig                         0x08002891   Thumb Code     8  stm32f10x_rcc.o(.text)
    RCC_ADCCLKConfig                         0x08002899   Thumb Code    18  stm32f10x_rcc.o(.text)
    RCC_LSEConfig                            0x080028ab   Thumb Code    50  stm32f10x_rcc.o(.text)
    RCC_LSICmd                               0x080028dd   Thumb Code     6  stm32f10x_rcc.o(.text)
    RCC_RTCCLKConfig                         0x080028e3   Thumb Code    12  stm32f10x_rcc.o(.text)
    RCC_RTCCLKCmd                            0x080028ef   Thumb Code     8  stm32f10x_rcc.o(.text)
    RCC_GetClocksFreq                        0x080028f7   Thumb Code   192  stm32f10x_rcc.o(.text)
    RCC_AHBPeriphClockCmd                    0x080029b7   Thumb Code    26  stm32f10x_rcc.o(.text)
    RCC_APB2PeriphClockCmd                   0x080029d1   Thumb Code    26  stm32f10x_rcc.o(.text)
    RCC_APB1PeriphClockCmd                   0x080029eb   Thumb Code    26  stm32f10x_rcc.o(.text)
    RCC_APB2PeriphResetCmd                   0x08002a05   Thumb Code    26  stm32f10x_rcc.o(.text)
    RCC_APB1PeriphResetCmd                   0x08002a1f   Thumb Code    26  stm32f10x_rcc.o(.text)
    RCC_BackupResetCmd                       0x08002a39   Thumb Code     8  stm32f10x_rcc.o(.text)
    RCC_ClockSecuritySystemCmd               0x08002a41   Thumb Code     6  stm32f10x_rcc.o(.text)
    RCC_MCOConfig                            0x08002a47   Thumb Code     6  stm32f10x_rcc.o(.text)
    RCC_ClearFlag                            0x08002a4d   Thumb Code    14  stm32f10x_rcc.o(.text)
    RCC_GetITStatus                          0x08002a5b   Thumb Code    20  stm32f10x_rcc.o(.text)
    RCC_ClearITPendingBit                    0x08002a6f   Thumb Code     6  stm32f10x_rcc.o(.text)
    TIM_DeInit                               0x08002a99   Thumb Code   424  stm32f10x_tim.o(.text)
    TIM_TimeBaseInit                         0x08002c41   Thumb Code   122  stm32f10x_tim.o(.text)
    TIM_OC1Init                              0x08002cbb   Thumb Code   132  stm32f10x_tim.o(.text)
    TIM_OC2Init                              0x08002d3f   Thumb Code   154  stm32f10x_tim.o(.text)
    TIM_OC3Init                              0x08002dd9   Thumb Code   150  stm32f10x_tim.o(.text)
    TIM_OC4Init                              0x08002e6f   Thumb Code   182  stm32f10x_tim.o(.text)
    TIM_SetIC4Prescaler                      0x08002f25   Thumb Code    26  stm32f10x_tim.o(.text)
    TIM_SetIC3Prescaler                      0x08002fc1   Thumb Code    18  stm32f10x_tim.o(.text)
    TIM_SetIC2Prescaler                      0x0800304d   Thumb Code    26  stm32f10x_tim.o(.text)
    TIM_SetIC1Prescaler                      0x080030e9   Thumb Code    18  stm32f10x_tim.o(.text)
    TIM_ICInit                               0x08003167   Thumb Code   150  stm32f10x_tim.o(.text)
    TIM_PWMIConfig                           0x080031fd   Thumb Code   124  stm32f10x_tim.o(.text)
    TIM_BDTRConfig                           0x08003279   Thumb Code    32  stm32f10x_tim.o(.text)
    TIM_TimeBaseStructInit                   0x08003299   Thumb Code    18  stm32f10x_tim.o(.text)
    TIM_OCStructInit                         0x080032ab   Thumb Code    20  stm32f10x_tim.o(.text)
    TIM_ICStructInit                         0x080032bf   Thumb Code    18  stm32f10x_tim.o(.text)
    TIM_BDTRStructInit                       0x080032d1   Thumb Code    40  stm32f10x_tim.o(.text)
    TIM_Cmd                                  0x080032f9   Thumb Code    24  stm32f10x_tim.o(.text)
    TIM_CtrlPWMOutputs                       0x08003311   Thumb Code    30  stm32f10x_tim.o(.text)
    TIM_ITConfig                             0x0800332f   Thumb Code    18  stm32f10x_tim.o(.text)
    TIM_GenerateEvent                        0x08003341   Thumb Code     4  stm32f10x_tim.o(.text)
    TIM_DMAConfig                            0x08003345   Thumb Code    10  stm32f10x_tim.o(.text)
    TIM_DMACmd                               0x0800334f   Thumb Code    18  stm32f10x_tim.o(.text)
    TIM_InternalClockConfig                  0x08003361   Thumb Code    12  stm32f10x_tim.o(.text)
    TIM_SelectInputTrigger                   0x0800336d   Thumb Code    18  stm32f10x_tim.o(.text)
    TIM_ITRxExternalClockConfig              0x0800337f   Thumb Code    24  stm32f10x_tim.o(.text)
    TIM_TIxExternalClockConfig               0x08003397   Thumb Code    62  stm32f10x_tim.o(.text)
    TIM_ETRConfig                            0x080033d5   Thumb Code    28  stm32f10x_tim.o(.text)
    TIM_ETRClockMode1Config                  0x080033f1   Thumb Code    54  stm32f10x_tim.o(.text)
    TIM_ETRClockMode2Config                  0x08003427   Thumb Code    32  stm32f10x_tim.o(.text)
    TIM_PrescalerConfig                      0x08003447   Thumb Code     6  stm32f10x_tim.o(.text)
    TIM_CounterModeConfig                    0x0800344d   Thumb Code    18  stm32f10x_tim.o(.text)
    TIM_EncoderInterfaceConfig               0x0800345f   Thumb Code    66  stm32f10x_tim.o(.text)
    TIM_ForcedOC1Config                      0x080034a1   Thumb Code    18  stm32f10x_tim.o(.text)
    TIM_ForcedOC2Config                      0x080034b3   Thumb Code    26  stm32f10x_tim.o(.text)
    TIM_ForcedOC3Config                      0x080034cd   Thumb Code    18  stm32f10x_tim.o(.text)
    TIM_ForcedOC4Config                      0x080034df   Thumb Code    26  stm32f10x_tim.o(.text)
    TIM_ARRPreloadConfig                     0x080034f9   Thumb Code    24  stm32f10x_tim.o(.text)
    TIM_SelectCOM                            0x08003511   Thumb Code    24  stm32f10x_tim.o(.text)
    TIM_SelectCCDMA                          0x08003529   Thumb Code    24  stm32f10x_tim.o(.text)
    TIM_CCPreloadControl                     0x08003541   Thumb Code    24  stm32f10x_tim.o(.text)
    TIM_OC1PreloadConfig                     0x08003559   Thumb Code    18  stm32f10x_tim.o(.text)
    TIM_OC2PreloadConfig                     0x0800356b   Thumb Code    26  stm32f10x_tim.o(.text)
    TIM_OC3PreloadConfig                     0x08003585   Thumb Code    18  stm32f10x_tim.o(.text)
    TIM_OC4PreloadConfig                     0x08003597   Thumb Code    26  stm32f10x_tim.o(.text)
    TIM_OC1FastConfig                        0x080035b1   Thumb Code    18  stm32f10x_tim.o(.text)
    TIM_OC2FastConfig                        0x080035c3   Thumb Code    26  stm32f10x_tim.o(.text)
    TIM_OC3FastConfig                        0x080035dd   Thumb Code    18  stm32f10x_tim.o(.text)
    TIM_OC4FastConfig                        0x080035ef   Thumb Code    26  stm32f10x_tim.o(.text)
    TIM_ClearOC1Ref                          0x08003609   Thumb Code    18  stm32f10x_tim.o(.text)
    TIM_ClearOC2Ref                          0x0800361b   Thumb Code    24  stm32f10x_tim.o(.text)
    TIM_ClearOC3Ref                          0x08003633   Thumb Code    18  stm32f10x_tim.o(.text)
    TIM_ClearOC4Ref                          0x08003645   Thumb Code    24  stm32f10x_tim.o(.text)
    TIM_OC1PolarityConfig                    0x0800365d   Thumb Code    18  stm32f10x_tim.o(.text)
    TIM_OC1NPolarityConfig                   0x0800366f   Thumb Code    18  stm32f10x_tim.o(.text)
    TIM_OC2PolarityConfig                    0x08003681   Thumb Code    26  stm32f10x_tim.o(.text)
    TIM_OC2NPolarityConfig                   0x0800369b   Thumb Code    26  stm32f10x_tim.o(.text)
    TIM_OC3PolarityConfig                    0x080036b5   Thumb Code    26  stm32f10x_tim.o(.text)
    TIM_OC3NPolarityConfig                   0x080036cf   Thumb Code    26  stm32f10x_tim.o(.text)
    TIM_OC4PolarityConfig                    0x080036e9   Thumb Code    26  stm32f10x_tim.o(.text)
    TIM_CCxCmd                               0x08003703   Thumb Code    30  stm32f10x_tim.o(.text)
    TIM_CCxNCmd                              0x08003721   Thumb Code    30  stm32f10x_tim.o(.text)
    TIM_SelectOCxM                           0x0800373f   Thumb Code    82  stm32f10x_tim.o(.text)
    TIM_UpdateDisableConfig                  0x08003791   Thumb Code    24  stm32f10x_tim.o(.text)
    TIM_UpdateRequestConfig                  0x080037a9   Thumb Code    24  stm32f10x_tim.o(.text)
    TIM_SelectHallSensor                     0x080037c1   Thumb Code    24  stm32f10x_tim.o(.text)
    TIM_SelectOnePulseMode                   0x080037d9   Thumb Code    18  stm32f10x_tim.o(.text)
    TIM_SelectOutputTrigger                  0x080037eb   Thumb Code    18  stm32f10x_tim.o(.text)
    TIM_SelectSlaveMode                      0x080037fd   Thumb Code    18  stm32f10x_tim.o(.text)
    TIM_SelectMasterSlaveMode                0x0800380f   Thumb Code    18  stm32f10x_tim.o(.text)
    TIM_SetCounter                           0x08003821   Thumb Code     4  stm32f10x_tim.o(.text)
    TIM_SetAutoreload                        0x08003825   Thumb Code     4  stm32f10x_tim.o(.text)
    TIM_SetCompare1                          0x08003829   Thumb Code     4  stm32f10x_tim.o(.text)
    TIM_SetCompare2                          0x0800382d   Thumb Code     4  stm32f10x_tim.o(.text)
    TIM_SetCompare3                          0x08003831   Thumb Code     4  stm32f10x_tim.o(.text)
    TIM_SetCompare4                          0x08003835   Thumb Code     6  stm32f10x_tim.o(.text)
    TIM_SetClockDivision                     0x0800383b   Thumb Code    18  stm32f10x_tim.o(.text)
    TIM_GetCapture1                          0x0800384d   Thumb Code     6  stm32f10x_tim.o(.text)
    TIM_GetCapture2                          0x08003853   Thumb Code     6  stm32f10x_tim.o(.text)
    TIM_GetCapture3                          0x08003859   Thumb Code     6  stm32f10x_tim.o(.text)
    TIM_GetCapture4                          0x0800385f   Thumb Code     8  stm32f10x_tim.o(.text)
    TIM_GetCounter                           0x08003867   Thumb Code     6  stm32f10x_tim.o(.text)
    TIM_GetPrescaler                         0x0800386d   Thumb Code     6  stm32f10x_tim.o(.text)
    TIM_GetFlagStatus                        0x08003873   Thumb Code    18  stm32f10x_tim.o(.text)
    TIM_ClearFlag                            0x08003885   Thumb Code     6  stm32f10x_tim.o(.text)
    TIM_GetITStatus                          0x0800388b   Thumb Code    34  stm32f10x_tim.o(.text)
    TIM_ClearITPendingBit                    0x080038ad   Thumb Code     6  stm32f10x_tim.o(.text)
    USART_DeInit                             0x080038b5   Thumb Code   134  stm32f10x_usart.o(.text)
    USART_Init                               0x0800393b   Thumb Code   210  stm32f10x_usart.o(.text)
    USART_StructInit                         0x08003a0d   Thumb Code    24  stm32f10x_usart.o(.text)
    USART_ClockInit                          0x08003a25   Thumb Code    34  stm32f10x_usart.o(.text)
    USART_ClockStructInit                    0x08003a47   Thumb Code    12  stm32f10x_usart.o(.text)
    USART_Cmd                                0x08003a53   Thumb Code    24  stm32f10x_usart.o(.text)
    USART_ITConfig                           0x08003a6b   Thumb Code    74  stm32f10x_usart.o(.text)
    USART_DMACmd                             0x08003ab5   Thumb Code    18  stm32f10x_usart.o(.text)
    USART_SetAddress                         0x08003ac7   Thumb Code    18  stm32f10x_usart.o(.text)
    USART_WakeUpConfig                       0x08003ad9   Thumb Code    18  stm32f10x_usart.o(.text)
    USART_ReceiverWakeUpCmd                  0x08003aeb   Thumb Code    24  stm32f10x_usart.o(.text)
    USART_LINBreakDetectLengthConfig         0x08003b03   Thumb Code    18  stm32f10x_usart.o(.text)
    USART_LINCmd                             0x08003b15   Thumb Code    24  stm32f10x_usart.o(.text)
    USART_SendData                           0x08003b2d   Thumb Code     8  stm32f10x_usart.o(.text)
    USART_ReceiveData                        0x08003b35   Thumb Code    10  stm32f10x_usart.o(.text)
    USART_SendBreak                          0x08003b3f   Thumb Code    10  stm32f10x_usart.o(.text)
    USART_SetGuardTime                       0x08003b49   Thumb Code    16  stm32f10x_usart.o(.text)
    USART_SetPrescaler                       0x08003b59   Thumb Code    16  stm32f10x_usart.o(.text)
    USART_SmartCardCmd                       0x08003b69   Thumb Code    24  stm32f10x_usart.o(.text)
    USART_SmartCardNACKCmd                   0x08003b81   Thumb Code    24  stm32f10x_usart.o(.text)
    USART_HalfDuplexCmd                      0x08003b99   Thumb Code    24  stm32f10x_usart.o(.text)
    USART_OverSampling8Cmd                   0x08003bb1   Thumb Code    22  stm32f10x_usart.o(.text)
    USART_OneBitMethodCmd                    0x08003bc7   Thumb Code    24  stm32f10x_usart.o(.text)
    USART_IrDAConfig                         0x08003bdf   Thumb Code    18  stm32f10x_usart.o(.text)
    USART_IrDACmd                            0x08003bf1   Thumb Code    24  stm32f10x_usart.o(.text)
    USART_GetFlagStatus                      0x08003c09   Thumb Code    26  stm32f10x_usart.o(.text)
    USART_ClearFlag                          0x08003c23   Thumb Code    18  stm32f10x_usart.o(.text)
    USART_GetITStatus                        0x08003c35   Thumb Code    84  stm32f10x_usart.o(.text)
    USART_ClearITPendingBit                  0x08003c89   Thumb Code    52  stm32f10x_usart.o(.text)
    SPI_I2S_DeInit                           0x08003cbd   Thumb Code    76  stm32f10x_spi.o(.text)
    SPI_Init                                 0x08003d09   Thumb Code    60  stm32f10x_spi.o(.text)
    I2S_Init                                 0x08003d45   Thumb Code   226  stm32f10x_spi.o(.text)
    SPI_StructInit                           0x08003e27   Thumb Code    24  stm32f10x_spi.o(.text)
    I2S_StructInit                           0x08003e3f   Thumb Code    20  stm32f10x_spi.o(.text)
    SPI_Cmd                                  0x08003e53   Thumb Code    24  stm32f10x_spi.o(.text)
    I2S_Cmd                                  0x08003e6b   Thumb Code    24  stm32f10x_spi.o(.text)
    SPI_I2S_ITConfig                         0x08003e83   Thumb Code    32  stm32f10x_spi.o(.text)
    SPI_I2S_DMACmd                           0x08003ea3   Thumb Code    18  stm32f10x_spi.o(.text)
    SPI_I2S_SendData                         0x08003eb5   Thumb Code     4  stm32f10x_spi.o(.text)
    SPI_I2S_ReceiveData                      0x08003eb9   Thumb Code     6  stm32f10x_spi.o(.text)
    SPI_NSSInternalSoftwareConfig            0x08003ebf   Thumb Code    30  stm32f10x_spi.o(.text)
    SPI_SSOutputCmd                          0x08003edd   Thumb Code    24  stm32f10x_spi.o(.text)
    SPI_DataSizeConfig                       0x08003ef5   Thumb Code    18  stm32f10x_spi.o(.text)
    SPI_TransmitCRC                          0x08003f07   Thumb Code    10  stm32f10x_spi.o(.text)
    SPI_CalculateCRC                         0x08003f11   Thumb Code    24  stm32f10x_spi.o(.text)
    SPI_GetCRC                               0x08003f29   Thumb Code    16  stm32f10x_spi.o(.text)
    SPI_GetCRCPolynomial                     0x08003f39   Thumb Code     6  stm32f10x_spi.o(.text)
    SPI_BiDirectionalLineConfig              0x08003f3f   Thumb Code    28  stm32f10x_spi.o(.text)
    SPI_I2S_GetFlagStatus                    0x08003f5b   Thumb Code    18  stm32f10x_spi.o(.text)
    SPI_I2S_ClearFlag                        0x08003f6d   Thumb Code     6  stm32f10x_spi.o(.text)
    SPI_I2S_GetITStatus                      0x08003f73   Thumb Code    52  stm32f10x_spi.o(.text)
    SPI_I2S_ClearITPendingBit                0x08003fa7   Thumb Code    20  stm32f10x_spi.o(.text)
    FLASH_SetLatency                         0x08003fc9   Thumb Code    18  stm32f10x_flash.o(.text)
    FLASH_HalfCycleAccessCmd                 0x08003fdb   Thumb Code    22  stm32f10x_flash.o(.text)
    FLASH_PrefetchBufferCmd                  0x08003ff1   Thumb Code    22  stm32f10x_flash.o(.text)
    FLASH_Unlock                             0x08004007   Thumb Code    12  stm32f10x_flash.o(.text)
    FLASH_UnlockBank1                        0x08004013   Thumb Code    12  stm32f10x_flash.o(.text)
    FLASH_Lock                               0x0800401f   Thumb Code    14  stm32f10x_flash.o(.text)
    FLASH_LockBank1                          0x0800402d   Thumb Code    14  stm32f10x_flash.o(.text)
    FLASH_GetBank1Status                     0x0800403b   Thumb Code    48  stm32f10x_flash.o(.text)
    FLASH_WaitForLastOperation               0x0800406b   Thumb Code    38  stm32f10x_flash.o(.text)
    FLASH_ErasePage                          0x08004091   Thumb Code    72  stm32f10x_flash.o(.text)
    FLASH_EraseAllPages                      0x080040d9   Thumb Code    68  stm32f10x_flash.o(.text)
    FLASH_WaitForLastBank1Operation          0x0800411d   Thumb Code    38  stm32f10x_flash.o(.text)
    FLASH_EraseAllBank1Pages                 0x08004143   Thumb Code    68  stm32f10x_flash.o(.text)
    FLASH_GetReadOutProtectionStatus         0x08004187   Thumb Code    20  stm32f10x_flash.o(.text)
    FLASH_EraseOptionBytes                   0x0800419b   Thumb Code   150  stm32f10x_flash.o(.text)
    FLASH_ProgramWord                        0x08004231   Thumb Code   102  stm32f10x_flash.o(.text)
    FLASH_ProgramHalfWord                    0x08004297   Thumb Code    60  stm32f10x_flash.o(.text)
    FLASH_ProgramOptionByteData              0x080042d3   Thumb Code    72  stm32f10x_flash.o(.text)
    FLASH_EnableWriteProtection              0x0800431b   Thumb Code   200  stm32f10x_flash.o(.text)
    FLASH_ReadOutProtection                  0x080043e3   Thumb Code   156  stm32f10x_flash.o(.text)
    FLASH_UserOptionByteConfig               0x0800447f   Thumb Code    88  stm32f10x_flash.o(.text)
    FLASH_GetUserOptionByte                  0x080044d7   Thumb Code     8  stm32f10x_flash.o(.text)
    FLASH_GetWriteProtectionOptionByte       0x080044df   Thumb Code     6  stm32f10x_flash.o(.text)
    FLASH_GetPrefetchBufferStatus            0x080044e5   Thumb Code    20  stm32f10x_flash.o(.text)
    FLASH_ITConfig                           0x080044f9   Thumb Code    26  stm32f10x_flash.o(.text)
    FLASH_GetFlagStatus                      0x08004513   Thumb Code    42  stm32f10x_flash.o(.text)
    FLASH_ClearFlag                          0x0800453d   Thumb Code     6  stm32f10x_flash.o(.text)
    FLASH_GetStatus                          0x08004543   Thumb Code    48  stm32f10x_flash.o(.text)
    __use_no_semihosting                     0x08004585   Thumb Code     2  use_no_semi_2.o(.text)
    __2sprintf                               0x08004589   Thumb Code    34  noretval__2sprintf.o(.text)
    __printf                                 0x080045b1   Thumb Code   104  __printf.o(.text)
    _printf_int_dec                          0x08004619   Thumb Code   104  _printf_dec.o(.text)
    __use_two_region_memory                  0x08004691   Thumb Code     2  heapauxi.o(.text)
    __rt_heap_escrow$2region                 0x08004693   Thumb Code     2  heapauxi.o(.text)
    __rt_heap_expand$2region                 0x08004695   Thumb Code     2  heapauxi.o(.text)
    __I$use$semihosting                      0x08004697   Thumb Code     0  use_no_semi.o(.text)
    __use_no_semihosting_swi                 0x08004697   Thumb Code     2  use_no_semi.o(.text)
    _printf_int_common                       0x08004699   Thumb Code   178  _printf_intcommon.o(.text)
    _printf_char_common                      0x08004757   Thumb Code    32  _printf_char_common.o(.text)
    _sputc                                   0x0800477d   Thumb Code    10  _sputc.o(.text)
    __user_setup_stackheap                   0x08004787   Thumb Code    74  sys_stackheap_outer.o(.text)
    exit                                     0x080047d1   Thumb Code    12  exit.o(.text)
    __user_libspace                          0x080047dd   Thumb Code     8  libspace.o(.text)
    __user_perproc_libspace                  0x080047dd   Thumb Code     0  libspace.o(.text)
    __user_perthread_libspace                0x080047dd   Thumb Code     0  libspace.o(.text)
    __aeabi_d2f                              0x080047e5   Thumb Code     0  d2f.o(x$fpl$d2f)
    _d2f                                     0x080047e5   Thumb Code    98  d2f.o(x$fpl$d2f)
    __aeabi_dadd                             0x08004849   Thumb Code     0  daddsub_clz.o(x$fpl$dadd)
    _dadd                                    0x08004849   Thumb Code   332  daddsub_clz.o(x$fpl$dadd)
    __aeabi_ddiv                             0x08004999   Thumb Code     0  ddiv.o(x$fpl$ddiv)
    _ddiv                                    0x08004999   Thumb Code   552  ddiv.o(x$fpl$ddiv)
    __aeabi_d2uiz                            0x08004c49   Thumb Code     0  dfixu.o(x$fpl$dfixu)
    _dfixu                                   0x08004c49   Thumb Code    90  dfixu.o(x$fpl$dfixu)
    __aeabi_ui2d                             0x08004ca3   Thumb Code     0  dflt_clz.o(x$fpl$dfltu)
    _dfltu                                   0x08004ca3   Thumb Code    38  dflt_clz.o(x$fpl$dfltu)
    __aeabi_dmul                             0x08004cc9   Thumb Code     0  dmul.o(x$fpl$dmul)
    _dmul                                    0x08004cc9   Thumb Code   332  dmul.o(x$fpl$dmul)
    __fpl_dnaninf                            0x08004e1d   Thumb Code   156  dnaninf.o(x$fpl$dnaninf)
    __fpl_dretinf                            0x08004eb9   Thumb Code    12  dretinf.o(x$fpl$dretinf)
    __aeabi_drsub                            0x08004ec5   Thumb Code     0  daddsub_clz.o(x$fpl$drsb)
    _drsb                                    0x08004ec5   Thumb Code    22  daddsub_clz.o(x$fpl$drsb)
    __aeabi_dsub                             0x08004edd   Thumb Code     0  daddsub_clz.o(x$fpl$dsub)
    _dsub                                    0x08004edd   Thumb Code   464  daddsub_clz.o(x$fpl$dsub)
    __aeabi_f2d                              0x080050b1   Thumb Code     0  f2d.o(x$fpl$f2d)
    _f2d                                     0x080050b1   Thumb Code    86  f2d.o(x$fpl$f2d)
    __aeabi_fadd                             0x08005109   Thumb Code     0  faddsub_clz.o(x$fpl$fadd)
    _fadd                                    0x08005109   Thumb Code   196  faddsub_clz.o(x$fpl$fadd)
    __fpl_fcmp_Inf                           0x080051cd   Thumb Code    24  fcmpi.o(x$fpl$fcmpinf)
    __aeabi_fdiv                             0x080051e5   Thumb Code     0  fdiv.o(x$fpl$fdiv)
    _fdiv                                    0x080051e5   Thumb Code   384  fdiv.o(x$fpl$fdiv)
    __aeabi_f2iz                             0x08005369   Thumb Code     0  ffix.o(x$fpl$ffix)
    _ffix                                    0x08005369   Thumb Code    54  ffix.o(x$fpl$ffix)
    __aeabi_f2uiz                            0x080053a1   Thumb Code     0  ffixu.o(x$fpl$ffixu)
    _ffixu                                   0x080053a1   Thumb Code    62  ffixu.o(x$fpl$ffixu)
    __aeabi_ui2f                             0x080053e1   Thumb Code     0  fflt_clz.o(x$fpl$ffltu)
    _ffltu                                   0x080053e1   Thumb Code    38  fflt_clz.o(x$fpl$ffltu)
    __aeabi_cfcmple                          0x08005409   Thumb Code     0  fleqf.o(x$fpl$fleqf)
    _fcmple                                  0x08005409   Thumb Code   104  fleqf.o(x$fpl$fleqf)
    __fpl_fcmple_InfNaN                      0x0800545b   Thumb Code     0  fleqf.o(x$fpl$fleqf)
    __aeabi_fmul                             0x08005471   Thumb Code     0  fmul.o(x$fpl$fmul)
    _fmul                                    0x08005471   Thumb Code   258  fmul.o(x$fpl$fmul)
    __fpl_fnaninf                            0x08005573   Thumb Code   140  fnaninf.o(x$fpl$fnaninf)
    __fpl_fretinf                            0x080055ff   Thumb Code    10  fretinf.o(x$fpl$fretinf)
    __aeabi_frsub                            0x08005609   Thumb Code     0  faddsub_clz.o(x$fpl$frsb)
    _frsb                                    0x08005609   Thumb Code    20  faddsub_clz.o(x$fpl$frsb)
    __aeabi_fsub                             0x0800561d   Thumb Code     0  faddsub_clz.o(x$fpl$fsub)
    _fsub                                    0x0800561d   Thumb Code   234  faddsub_clz.o(x$fpl$fsub)
    __I$use$fp                               0x08005706   Number         0  usenofp.o(x$fpl$usenofp)
    Region$$Table$$Base                      0x08005708   Number         0  anon$$obj.o(Region$$Table)
    Region$$Table$$Limit                     0x08005728   Number         0  anon$$obj.o(Region$$Table)
    SYS_INIT_OK                              0x20000004   Data           1  main.o(.data)
    SystemCoreClock                          0x20000010   Data           4  system_stm32f10x.o(.data)
    AHBPrescTable                            0x20000014   Data          16  system_stm32f10x.o(.data)
    REG_ADDR                                 0x20000028   Data           1  data.o(.data)
    REG_ADDR_READ                            0x20000029   Data           1  data.o(.data)
    ReadStatusAddr                           0x2000002a   Data           1  data.o(.data)
    R4_V_temp                                0x2000002c   Data           4  data.o(.data)
    R4_V                                     0x20000038   Data           4  adf435x.o(.data)
    Amplitude                                0x2000003c   Data           8  adf435x.o(.data)
    phase                                    0x20000044   Data           4  adf435x.o(.data)
    __stdout                                 0x2000004c   Data           4  usart.o(.data)
    USART1_RX_STA1                           0x20000050   Data           2  usart.o(.data)
    USART1_RX_STA2                           0x20000052   Data           2  usart.o(.data)
    USART1_RX_STA3                           0x20000054   Data           2  usart.o(.data)
    DATA_RX_STA                              0x20000056   Data           2  usart.o(.data)
    USART3_RX_STA                            0x20000058   Data           2  usart.o(.data)
    UART4_RX_STA                             0x2000005a   Data           2  usart.o(.data)
    Save_Data                                0x20000070   Data          25  data.o(.bss)
    Save_Data_LCD                            0x20000089   Data          25  data.o(.bss)
    datatemp                                 0x200000a2   Data          25  data.o(.bss)
    STMFLASH_BUF                             0x200000bc   Data        2048  stmflash.o(.bss)
    USART1_RX_BUF                            0x200008bc   Data         200  usart.o(.bss)
    USART3_RX_BUF                            0x20000984   Data         200  usart.o(.bss)
    UART4_RX_BUF                             0x20000a4c   Data         200  usart.o(.bss)
    __libspace_start                         0x20000b14   Data          96  libspace.o(.bss)
    __temporary_stack_top$libspace           0x20000b74   Data           0  libspace.o(.bss)



==============================================================================

Memory Map of the image

  Image Entry point : 0x08000131

  Load Region LR_IROM1 (Base: 0x08000000, Size: 0x00005798, Max: 0x00040000, ABSOLUTE)

    Execution Region ER_IROM1 (Base: 0x08000000, Size: 0x00005728, Max: 0x00040000, ABSOLUTE)

    Base Addr    Size         Type   Attr      Idx    E Section Name        Object

    0x08000000   0x00000130   Data   RO          353    RESET               startup_stm32f10x_hd.o
    0x08000130   0x00000008   Code   RO          492  * !!!main             c_w.l(__main.o)
    0x08000138   0x00000034   Code   RO          720    !!!scatter          c_w.l(__scatter.o)
    0x0800016c   0x0000001a   Code   RO          722    !!handler_copy      c_w.l(__scatter_copy.o)
    0x08000186   0x00000002   PAD
    0x08000188   0x0000001c   Code   RO          724    !!handler_zi        c_w.l(__scatter_zi.o)
    0x080001a4   0x00000000   Code   RO          489    .ARM.Collect$$_printf_percent$$00000000  c_w.l(_printf_percent.o)
    0x080001a4   0x00000006   Code   RO          488    .ARM.Collect$$_printf_percent$$00000009  c_w.l(_printf_d.o)
    0x080001aa   0x00000004   Code   RO          557    .ARM.Collect$$_printf_percent$$00000017  c_w.l(_printf_percent_end.o)
    0x080001ae   0x00000002   Code   RO          595    .ARM.Collect$$libinit$$00000000  c_w.l(libinit.o)
    0x080001b0   0x00000000   Code   RO          602    .ARM.Collect$$libinit$$00000002  c_w.l(libinit2.o)
    0x080001b0   0x00000000   Code   RO          604    .ARM.Collect$$libinit$$00000004  c_w.l(libinit2.o)
    0x080001b0   0x00000000   Code   RO          607    .ARM.Collect$$libinit$$0000000A  c_w.l(libinit2.o)
    0x080001b0   0x00000000   Code   RO          609    .ARM.Collect$$libinit$$0000000C  c_w.l(libinit2.o)
    0x080001b0   0x00000000   Code   RO          611    .ARM.Collect$$libinit$$0000000E  c_w.l(libinit2.o)
    0x080001b0   0x00000000   Code   RO          614    .ARM.Collect$$libinit$$00000011  c_w.l(libinit2.o)
    0x080001b0   0x00000000   Code   RO          616    .ARM.Collect$$libinit$$00000013  c_w.l(libinit2.o)
    0x080001b0   0x00000000   Code   RO          618    .ARM.Collect$$libinit$$00000015  c_w.l(libinit2.o)
    0x080001b0   0x00000000   Code   RO          620    .ARM.Collect$$libinit$$00000017  c_w.l(libinit2.o)
    0x080001b0   0x00000000   Code   RO          622    .ARM.Collect$$libinit$$00000019  c_w.l(libinit2.o)
    0x080001b0   0x00000000   Code   RO          624    .ARM.Collect$$libinit$$0000001B  c_w.l(libinit2.o)
    0x080001b0   0x00000000   Code   RO          626    .ARM.Collect$$libinit$$0000001D  c_w.l(libinit2.o)
    0x080001b0   0x00000000   Code   RO          628    .ARM.Collect$$libinit$$0000001F  c_w.l(libinit2.o)
    0x080001b0   0x00000000   Code   RO          630    .ARM.Collect$$libinit$$00000021  c_w.l(libinit2.o)
    0x080001b0   0x00000000   Code   RO          632    .ARM.Collect$$libinit$$00000023  c_w.l(libinit2.o)
    0x080001b0   0x00000000   Code   RO          634    .ARM.Collect$$libinit$$00000025  c_w.l(libinit2.o)
    0x080001b0   0x00000000   Code   RO          638    .ARM.Collect$$libinit$$0000002C  c_w.l(libinit2.o)
    0x080001b0   0x00000000   Code   RO          640    .ARM.Collect$$libinit$$0000002E  c_w.l(libinit2.o)
    0x080001b0   0x00000000   Code   RO          642    .ARM.Collect$$libinit$$00000030  c_w.l(libinit2.o)
    0x080001b0   0x00000000   Code   RO          644    .ARM.Collect$$libinit$$00000032  c_w.l(libinit2.o)
    0x080001b0   0x00000002   Code   RO          645    .ARM.Collect$$libinit$$00000033  c_w.l(libinit2.o)
    0x080001b2   0x00000002   Code   RO          663    .ARM.Collect$$libshutdown$$00000000  c_w.l(libshutdown.o)
    0x080001b4   0x00000000   Code   RO          674    .ARM.Collect$$libshutdown$$00000003  c_w.l(libshutdown2.o)
    0x080001b4   0x00000000   Code   RO          677    .ARM.Collect$$libshutdown$$00000006  c_w.l(libshutdown2.o)
    0x080001b4   0x00000000   Code   RO          680    .ARM.Collect$$libshutdown$$00000009  c_w.l(libshutdown2.o)
    0x080001b4   0x00000000   Code   RO          682    .ARM.Collect$$libshutdown$$0000000B  c_w.l(libshutdown2.o)
    0x080001b4   0x00000000   Code   RO          685    .ARM.Collect$$libshutdown$$0000000E  c_w.l(libshutdown2.o)
    0x080001b4   0x00000002   Code   RO          686    .ARM.Collect$$libshutdown$$0000000F  c_w.l(libshutdown2.o)
    0x080001b6   0x00000000   Code   RO          550    .ARM.Collect$$rtentry$$00000000  c_w.l(__rtentry.o)
    0x080001b6   0x00000000   Code   RO          570    .ARM.Collect$$rtentry$$00000002  c_w.l(__rtentry2.o)
    0x080001b6   0x00000006   Code   RO          582    .ARM.Collect$$rtentry$$00000004  c_w.l(__rtentry4.o)
    0x080001bc   0x00000000   Code   RO          572    .ARM.Collect$$rtentry$$00000009  c_w.l(__rtentry2.o)
    0x080001bc   0x00000004   Code   RO          573    .ARM.Collect$$rtentry$$0000000A  c_w.l(__rtentry2.o)
    0x080001c0   0x00000000   Code   RO          575    .ARM.Collect$$rtentry$$0000000C  c_w.l(__rtentry2.o)
    0x080001c0   0x00000008   Code   RO          576    .ARM.Collect$$rtentry$$0000000D  c_w.l(__rtentry2.o)
    0x080001c8   0x00000002   Code   RO          599    .ARM.Collect$$rtexit$$00000000  c_w.l(rtexit.o)
    0x080001ca   0x00000000   Code   RO          647    .ARM.Collect$$rtexit$$00000002  c_w.l(rtexit2.o)
    0x080001ca   0x00000004   Code   RO          648    .ARM.Collect$$rtexit$$00000003  c_w.l(rtexit2.o)
    0x080001ce   0x00000006   Code   RO          649    .ARM.Collect$$rtexit$$00000004  c_w.l(rtexit2.o)
    0x080001d4   0x000000a0   Code   RO            1    .text               main.o
    0x08000274   0x00000064   Code   RO           96    .text               stm32f10x_it.o
    0x080002d8   0x000001e0   Code   RO          139    .text               system_stm32f10x.o
    0x080004b8   0x00000250   Code   RO          157    .text               led.o
    0x08000708   0x00000200   Code   RO          169    .text               spi.o
    0x08000908   0x000000d0   Code   RO          184    .text               flash.o
    0x080009d8   0x0000096c   Code   RO          196    .text               data.o
    0x08001344   0x000001b8   Code   RO          216    .text               hmi.o
    0x080014fc   0x00000144   Code   RO          229    .text               stmflash.o
    0x08001640   0x00000060   Code   RO          247    .text               timer.o
    0x080016a0   0x000002c0   Code   RO          260    .text               adf435x.o
    0x08001960   0x000002f4   Code   RO          279    .text               ad9954.o
    0x08001c54   0x000000d4   Code   RO          291    .text               delay.o
    0x08001d28   0x0000000c   Code   RO          305    .text               sys.o
    0x08001d34   0x00000548   Code   RO          317    .text               usart.o
    0x0800227c   0x00000040   Code   RO          354    .text               startup_stm32f10x_hd.o
    0x080022bc   0x000000dc   Code   RO          358    .text               misc.o
    0x08002398   0x0000035c   Code   RO          382    .text               stm32f10x_gpio.o
    0x080026f4   0x000003a4   Code   RO          394    .text               stm32f10x_rcc.o
    0x08002a98   0x00000e1a   Code   RO          408    .text               stm32f10x_tim.o
    0x080038b2   0x00000002   PAD
    0x080038b4   0x00000408   Code   RO          420    .text               stm32f10x_usart.o
    0x08003cbc   0x0000030c   Code   RO          432    .text               stm32f10x_spi.o
    0x08003fc8   0x000005bc   Code   RO          444    .text               stm32f10x_flash.o
    0x08004584   0x00000002   Code   RO          458    .text               c_w.l(use_no_semi_2.o)
    0x08004586   0x00000002   PAD
    0x08004588   0x00000028   Code   RO          462    .text               c_w.l(noretval__2sprintf.o)
    0x080045b0   0x00000068   Code   RO          464    .text               c_w.l(__printf.o)
    0x08004618   0x00000078   Code   RO          466    .text               c_w.l(_printf_dec.o)
    0x08004690   0x00000006   Code   RO          490    .text               c_w.l(heapauxi.o)
    0x08004696   0x00000002   Code   RO          548    .text               c_w.l(use_no_semi.o)
    0x08004698   0x000000b2   Code   RO          551    .text               c_w.l(_printf_intcommon.o)
    0x0800474a   0x00000002   PAD
    0x0800474c   0x00000030   Code   RO          553    .text               c_w.l(_printf_char_common.o)
    0x0800477c   0x0000000a   Code   RO          555    .text               c_w.l(_sputc.o)
    0x08004786   0x0000004a   Code   RO          586    .text               c_w.l(sys_stackheap_outer.o)
    0x080047d0   0x0000000c   Code   RO          588    .text               c_w.l(exit.o)
    0x080047dc   0x00000008   Code   RO          596    .text               c_w.l(libspace.o)
    0x080047e4   0x00000062   Code   RO          494    x$fpl$d2f           fz_ws.l(d2f.o)
    0x08004846   0x00000002   PAD
    0x08004848   0x00000150   Code   RO          496    x$fpl$dadd          fz_ws.l(daddsub_clz.o)
    0x08004998   0x000002b0   Code   RO          503    x$fpl$ddiv          fz_ws.l(ddiv.o)
    0x08004c48   0x0000005a   Code   RO          506    x$fpl$dfixu         fz_ws.l(dfixu.o)
    0x08004ca2   0x00000026   Code   RO          510    x$fpl$dfltu         fz_ws.l(dflt_clz.o)
    0x08004cc8   0x00000154   Code   RO          516    x$fpl$dmul          fz_ws.l(dmul.o)
    0x08004e1c   0x0000009c   Code   RO          558    x$fpl$dnaninf       fz_ws.l(dnaninf.o)
    0x08004eb8   0x0000000c   Code   RO          560    x$fpl$dretinf       fz_ws.l(dretinf.o)
    0x08004ec4   0x00000016   Code   RO          497    x$fpl$drsb          fz_ws.l(daddsub_clz.o)
    0x08004eda   0x00000002   PAD
    0x08004edc   0x000001d4   Code   RO          498    x$fpl$dsub          fz_ws.l(daddsub_clz.o)
    0x080050b0   0x00000056   Code   RO          518    x$fpl$f2d           fz_ws.l(f2d.o)
    0x08005106   0x00000002   PAD
    0x08005108   0x000000c4   Code   RO          520    x$fpl$fadd          fz_ws.l(faddsub_clz.o)
    0x080051cc   0x00000018   Code   RO          562    x$fpl$fcmpinf       fz_ws.l(fcmpi.o)
    0x080051e4   0x00000184   Code   RO          527    x$fpl$fdiv          fz_ws.l(fdiv.o)
    0x08005368   0x00000036   Code   RO          530    x$fpl$ffix          fz_ws.l(ffix.o)
    0x0800539e   0x00000002   PAD
    0x080053a0   0x0000003e   Code   RO          534    x$fpl$ffixu         fz_ws.l(ffixu.o)
    0x080053de   0x00000002   PAD
    0x080053e0   0x00000026   Code   RO          538    x$fpl$ffltu         fz_ws.l(fflt_clz.o)
    0x08005406   0x00000002   PAD
    0x08005408   0x00000068   Code   RO          544    x$fpl$fleqf         fz_ws.l(fleqf.o)
    0x08005470   0x00000102   Code   RO          546    x$fpl$fmul          fz_ws.l(fmul.o)
    0x08005572   0x0000008c   Code   RO          564    x$fpl$fnaninf       fz_ws.l(fnaninf.o)
    0x080055fe   0x0000000a   Code   RO          566    x$fpl$fretinf       fz_ws.l(fretinf.o)
    0x08005608   0x00000014   Code   RO          521    x$fpl$frsb          fz_ws.l(faddsub_clz.o)
    0x0800561c   0x000000ea   Code   RO          522    x$fpl$fsub          fz_ws.l(faddsub_clz.o)
    0x08005706   0x00000000   Code   RO          568    x$fpl$usenofp       fz_ws.l(usenofp.o)
    0x08005706   0x00000002   PAD
    0x08005708   0x00000020   Data   RO          718    Region$$Table       anon$$obj.o


    Execution Region RW_IRAM1 (Base: 0x20000000, Size: 0x00001178, Max: 0x0000c000, ABSOLUTE)

    Base Addr    Size         Type   Attr      Idx    E Section Name        Object

    0x20000000   0x00000005   Data   RW            2    .data               main.o
    0x20000005   0x00000003   PAD
    0x20000008   0x00000005   Data   RW           97    .data               stm32f10x_it.o
    0x2000000d   0x00000003   PAD
    0x20000010   0x00000014   Data   RW          140    .data               system_stm32f10x.o
    0x20000024   0x0000000c   Data   RW          198    .data               data.o
    0x20000030   0x00000002   Data   RW          217    .data               hmi.o
    0x20000032   0x00000002   PAD
    0x20000034   0x00000014   Data   RW          261    .data               adf435x.o
    0x20000048   0x00000004   Data   RW          292    .data               delay.o
    0x2000004c   0x00000010   Data   RW          319    .data               usart.o
    0x2000005c   0x00000014   Data   RW          395    .data               stm32f10x_rcc.o
    0x20000070   0x0000004b   Zero   RW          197    .bss                data.o
    0x200000bb   0x00000001   PAD
    0x200000bc   0x00000800   Zero   RW          230    .bss                stmflash.o
    0x200008bc   0x00000258   Zero   RW          318    .bss                usart.o
    0x20000b14   0x00000060   Zero   RW          597    .bss                c_w.l(libspace.o)
    0x20000b74   0x00000004   PAD
    0x20000b78   0x00000200   Zero   RW          352    HEAP                startup_stm32f10x_hd.o
    0x20000d78   0x00000400   Zero   RW          351    STACK               startup_stm32f10x_hd.o


==============================================================================

Image component sizes


      Code (inc. data)   RO Data    RW Data    ZI Data      Debug   Object Name

       756         34          0          0          0       1430   ad9954.o
       704         82          0         20          0       2674   adf435x.o
         0          0          0          0          0         32   core_cm3.o
      2412        356          0         12         75       4468   data.o
       212         18          0          4          0        983   delay.o
       208         22          0          0          0       1112   flash.o
       440         98          0          2          0       1152   hmi.o
       592         22          0          0          0        807   led.o
       160         36          0          5          0     260394   main.o
       220         22          0          0          0       1761   misc.o
       512         16          0          0          0       1824   spi.o
        64         26        304          0       1536        780   startup_stm32f10x_hd.o
      1468         34          0          0          0       7994   stm32f10x_flash.o
       860         38          0          0          0       5609   stm32f10x_gpio.o
       100         12          0          5          0     203742   stm32f10x_it.o
       932         36          0         20          0       8764   stm32f10x_rcc.o
       780         14          0          0          0       6490   stm32f10x_spi.o
      3610         88          0          0          0      22092   stm32f10x_tim.o
      1032         22          0          0          0       8332   stm32f10x_usart.o
       324          8          0          0       2048       8930   stmflash.o
        12          0          0          0          0        433   sys.o
       480         38          0         20          0       1683   system_stm32f10x.o
        96          6          0          0          0        620   timer.o
      1352         72          0         16        600       4907   usart.o

    ----------------------------------------------------------------------
     17328       1100        336        112       4260     557013   Object Totals
         0          0         32          0          0          0   (incl. Generated)
         2          0          0          8          1          0   (incl. Padding)

    ----------------------------------------------------------------------

      Code (inc. data)   RO Data    RW Data    ZI Data      Debug   Library Member Name

         8          0          0          0          0         68   __main.o
       104          0          0          0          0         84   __printf.o
         0          0          0          0          0          0   __rtentry.o
        12          0          0          0          0          0   __rtentry2.o
         6          0          0          0          0          0   __rtentry4.o
        52          8          0          0          0          0   __scatter.o
        26          0          0          0          0          0   __scatter_copy.o
        28          0          0          0          0          0   __scatter_zi.o
        48          6          0          0          0         96   _printf_char_common.o
         6          0          0          0          0          0   _printf_d.o
       120         16          0          0          0         92   _printf_dec.o
       178          0          0          0          0         88   _printf_intcommon.o
         0          0          0          0          0          0   _printf_percent.o
         4          0          0          0          0          0   _printf_percent_end.o
        10          0          0          0          0         68   _sputc.o
        12          0          0          0          0         72   exit.o
         6          0          0          0          0        152   heapauxi.o
         2          0          0          0          0          0   libinit.o
         2          0          0          0          0          0   libinit2.o
         2          0          0          0          0          0   libshutdown.o
         2          0          0          0          0          0   libshutdown2.o
         8          4          0          0         96         68   libspace.o
        40          6          0          0          0         84   noretval__2sprintf.o
         2          0          0          0          0          0   rtexit.o
        10          0          0          0          0          0   rtexit2.o
        74          0          0          0          0         80   sys_stackheap_outer.o
         2          0          0          0          0         68   use_no_semi.o
         2          0          0          0          0         68   use_no_semi_2.o
        98          4          0          0          0         92   d2f.o
       826         16          0          0          0        348   daddsub_clz.o
       688        140          0          0          0        208   ddiv.o
        90          4          0          0          0         92   dfixu.o
        38          0          0          0          0         68   dflt_clz.o
       340         12          0          0          0        104   dmul.o
       156          4          0          0          0         92   dnaninf.o
        12          0          0          0          0         68   dretinf.o
        86          4          0          0          0         84   f2d.o
       450          8          0          0          0        236   faddsub_clz.o
        24          0          0          0          0         68   fcmpi.o
       388         76          0          0          0         96   fdiv.o
        54          4          0          0          0         84   ffix.o
        62          4          0          0          0         84   ffixu.o
        38          0          0          0          0         68   fflt_clz.o
       104          4          0          0          0         84   fleqf.o
       258          4          0          0          0         84   fmul.o
       140          4          0          0          0         84   fnaninf.o
        10          0          0          0          0         68   fretinf.o
         0          0          0          0          0          0   usenofp.o

    ----------------------------------------------------------------------
      4648        328          0          0        100       3200   Library Totals
        20          0          0          0          4          0   (incl. Padding)

    ----------------------------------------------------------------------

      Code (inc. data)   RO Data    RW Data    ZI Data      Debug   Library Name

       766         40          0          0         96       1088   c_w.l
      3862        288          0          0          0       2112   fz_ws.l

    ----------------------------------------------------------------------
      4648        328          0          0        100       3200   Library Totals

    ----------------------------------------------------------------------

==============================================================================


      Code (inc. data)   RO Data    RW Data    ZI Data      Debug   

     21976       1428        336        112       4360     556725   Grand Totals
     21976       1428        336        112       4360     556725   ELF Image Totals
     21976       1428        336        112          0          0   ROM Totals

==============================================================================

    Total RO  Size (Code + RO Data)                22312 (  21.79kB)
    Total RW  Size (RW Data + ZI Data)              4472 (   4.37kB)
    Total ROM Size (Code + RO Data + RW Data)      22424 (  21.90kB)

==============================================================================

